DTA-757p_PixLevAnnot/justi_velazquez01_1888_0300.png
DTA-454p_PixLevAnnot/laband_staatsrecht02_1878_0354.png
DTA-757p_PixLevAnnot/siebold_suesswasserfische_1863_0080.png
DTA-757p_PixLevAnnot/brunner_rechtsgeschichte01_1887_0061.png
DTA-757p_PixLevAnnot/rein_japan02_1886_0594.png
DTA-757p_PixLevAnnot/wilamowitz_aristoteles02_1893_0137.png
DTA-757p_PixLevAnnot/klostermann_eigenthum01_1867_0183.png
DTA-757p_PixLevAnnot/ranke_paepste03_1836_0185.png
DTA-757p_PixLevAnnot/jhering_recht03_1865_0089.png
DTA-454p_PixLevAnnot/laband_staatsrecht0302_1882_0073.png
DTA-757p_PixLevAnnot/klostermann_eigenthum01_1867_0053.png
DTA-757p_PixLevAnnot/wilamowitz_aristoteles02_1893_0167.png
DTA-757p_PixLevAnnot/rein_japan02_1886_0574.png
DTA-757p_PixLevAnnot/brunner_rechtsgeschichte01_1887_0102.png
DTA-757p_PixLevAnnot/rumohr_forschungen01_1827_0230.png
DTA-757p_PixLevAnnot/gerber_staatsrecht_1865_0081.png
DTA-757p_PixLevAnnot/ludwig_physiologie02_1856_0020.png
DTA-757p_PixLevAnnot/robert_griechische_1881_0140.png
DTA-757p_PixLevAnnot/ludwig_physiologie02_1856_0287.png
DTA-757p_PixLevAnnot/brunner_rechtsgeschichte02_1892_0068.png
DTA-757p_PixLevAnnot/brunner_rechtsgeschichte02_1892_0044.png
DTA-454p_PixLevAnnot/brunner_rechtsgeschichte02_1892_0150.png
DTA-757p_PixLevAnnot/laband_staatsrecht02_1878_0102.png
DTA-757p_PixLevAnnot/siebold_suesswasserfische_1863_0101.png
DTA-757p_PixLevAnnot/siebold_suesswasserfische_1863_0232.png
DTA-757p_PixLevAnnot/avelallemant_gaunerthum01_1858_0060.png
DTA-757p_PixLevAnnot/beck_eisen04_1899_0406.png
DTA-757p_PixLevAnnot/laband_staatsrecht0302_1882_0053.png
DTA-757p_PixLevAnnot/griesinger_psychische_1845_0118.png
DTA-757p_PixLevAnnot/brunner_rechtsgeschichte02_1892_0055.png
DTA-757p_PixLevAnnot/bluntschli_staatslehre_1875_0423.png
DTA-757p_PixLevAnnot/schmoller_kleingewerbe_1870_0084.png
DTA-757p_PixLevAnnot/savigny_system03_1840_0096.png
DTA-757p_PixLevAnnot/burckhardt_renaissance_1860_0019.png
DTA-757p_PixLevAnnot/siebold_suesswasserfische_1863_0048.png
DTA-757p_PixLevAnnot/beck_eisen04_1899_0422.png
DTA-757p_PixLevAnnot/schmoller_kleingewerbe_1870_0169.png
DTA-757p_PixLevAnnot/beck_eisen04_1899_0498.png
DTA-757p_PixLevAnnot/beck_eisen05_1903_0588.png
DTA-757p_PixLevAnnot/brunner_rechtsgeschichte01_1887_0123.png
DTA-757p_PixLevAnnot/beseler_kommentar_1851_0085.png
DTA-757p_PixLevAnnot/mayer_verwaltungsrecht01_1895_0309.png
DTA-757p_PixLevAnnot/laband_staatsrecht01_1876_0152.png
DTA-757p_PixLevAnnot/griesinger_psychische_1845_0120.png
DTA-454p_PixLevAnnot/laband_staatsrecht01_1876_0378.png
DTA-757p_PixLevAnnot/laband_staatsrecht0302_1882_0042.png
DTA-757p_PixLevAnnot/wilamowitz_aristoteles02_1893_0040.png
DTA-757p_PixLevAnnot/avelallemant_gaunerthum02_1858_0224.png
DTA-757p_PixLevAnnot/brunner_rechtsgeschichte01_1887_0090.png
DTA-757p_PixLevAnnot/puetter_staatsverfassung01_1786_0046.png
DTA-757p_PixLevAnnot/ranke_paepste03_1836_0187.png
DTA-454p_PixLevAnnot/brunner_rechtsgeschichte01_1887_0408.png
DTA-757p_PixLevAnnot/klueber_voelkerrecht01_1821_0101.png
DTA-757p_PixLevAnnot/berg_ostasien01_1864_0176.png
DTA-757p_PixLevAnnot/schweiger_armenien_1878_0102.png
DTA-454p_PixLevAnnot/ranke_reformation03_1840_0505.png
DTA-757p_PixLevAnnot/jhering_recht0201_1854_0067.png
DTA-757p_PixLevAnnot/klostermann_eigenthum01_1867_0158.png
DTA-757p_PixLevAnnot/koch_wundinfektionskrankheiten_1878_0021.png
DTA-757p_PixLevAnnot/brunner_rechtsgeschichte02_1892_0076.png
DTA-757p_PixLevAnnot/laband_staatsrecht01_1876_0086.png
DTA-757p_PixLevAnnot/brunner_rechtsgeschichte02_1892_0066.png
DTA-757p_PixLevAnnot/wilamowitz_aristoteles02_1893_0182.png
DTA-757p_PixLevAnnot/klueber_recht_1817_0172.png
DTA-757p_PixLevAnnot/glueck_pandecten02_1791_0045.png
DTA-757p_PixLevAnnot/beck_eisen05_1903_0446.png
DTA-757p_PixLevAnnot/weismann_keimplasma_1892_0205.png
DTA-757p_PixLevAnnot/beck_eisen05_1903_0236.png
DTA-757p_PixLevAnnot/savigny_system07_1848_0225.png
DTA-454p_PixLevAnnot/laband_staatsrecht0301_1880_0227.png
DTA-757p_PixLevAnnot/laband_staatsrecht02_1878_0091.png
DTA-757p_PixLevAnnot/beck_eisen03_1897_0358.png
DTA-757p_PixLevAnnot/savigny_system01_1840_0181.png
DTA-757p_PixLevAnnot/gerstner_mechanik03_1834_0250.png
DTA-757p_PixLevAnnot/burckhardt_renaissance_1860_0087.png
DTA-454p_PixLevAnnot/brunner_rechtsgeschichte02_1892_0443.png
DTA-454p_PixLevAnnot/mayer_verwaltungsrecht01_1895_0095.png
DTA-757p_PixLevAnnot/laband_staatsrecht0301_1880_0049.png
DTA-757p_PixLevAnnot/chamberlain_grundlagen01_1899_0389.png
DTA-757p_PixLevAnnot/gerber_staatsrecht_1865_0138.png
DTA-454p_PixLevAnnot/brunner_rechtsgeschichte02_1892_0652.png
DTA-757p_PixLevAnnot/treitschke_geschichte04_1889_0123.png
DTA-757p_PixLevAnnot/laband_staatsrecht01_1876_0599.png
DTA-454p_PixLevAnnot/jhering_recht0201_1854_0234.png
DTA-757p_PixLevAnnot/treitschke_geschichte04_1889_0119.png
DTA-757p_PixLevAnnot/carus_zoologie_1872_0026.png
DTA-757p_PixLevAnnot/siebold_suesswasserfische_1863_0077.png
DTA-454p_PixLevAnnot/humboldt_aequinoktial04_1859_0256.png
DTA-757p_PixLevAnnot/wilamowitz_aristoteles02_1893_0160.png
DTA-757p_PixLevAnnot/laband_staatsrecht0301_1880_0074.png
DTA-757p_PixLevAnnot/brunner_rechtsgeschichte01_1887_0084.png
DTA-757p_PixLevAnnot/jhering_recht03_1865_0074.png
DTA-757p_PixLevAnnot/justi_velazquez01_1888_0046.png
DTA-454p_PixLevAnnot/jhering_recht03_1865_0238.png
DTA-757p_PixLevAnnot/glueck_pandecten02_1791_0219.png
DTA-454p_PixLevAnnot/klueber_voelkerrecht02_1821_0083.png
DTA-757p_PixLevAnnot/brunner_rechtsgeschichte01_1887_0038.png
DTA-454p_PixLevAnnot/heffter_voelkerrecht_1844_0282.png
DTA-757p_PixLevAnnot/wilamowitz_aristoteles02_1893_0146.png
DTA-757p_PixLevAnnot/wilamowitz_aristoteles02_1893_0024.png
DTA-454p_PixLevAnnot/ercker_aula01_1672_0282.png
DTA-757p_PixLevAnnot/gerber_staatsrecht_1865_0134.png
DTA-454p_PixLevAnnot/laband_staatsrecht0302_1882_0169.png
DTA-757p_PixLevAnnot/brunner_rechtsgeschichte01_1887_0060.png
DTA-454p_PixLevAnnot/wilamowitz_aristoteles02_1893_0032.png
DTA-757p_PixLevAnnot/laband_staatsrecht0302_1882_0023.png
DTA-454p_PixLevAnnot/brunner_rechtsgeschichte01_1887_0286.png
DTA-757p_PixLevAnnot/jhering_recht0201_1854_0152.png
DTA-757p_PixLevAnnot/rumohr_forschungen01_1827_0201.png
DTA-757p_PixLevAnnot/avelallemant_gaunerthum03_1862_0084.png
DTA-757p_PixLevAnnot/strauss_jesus02_1836_0154.png
DTA-454p_PixLevAnnot/ranke_reformation01_1839_0256.png
DTA-757p_PixLevAnnot/robert_griechische_1881_0062.png
DTA-757p_PixLevAnnot/mayer_verwaltungsrecht02_1896_0075.png
DTA-454p_PixLevAnnot/gessner_buchdruckerkunst02_1740_0021.png
DTA-454p_PixLevAnnot/wilamowitz_aristoteles01_1893_0028.png
DTA-757p_PixLevAnnot/baer_thiere_1837_0184.png
DTA-757p_PixLevAnnot/justi_velazquez01_1888_0191.png
DTA-757p_PixLevAnnot/klostermann_eigenthum01_1867_0162.png
DTA-454p_PixLevAnnot/brunner_rechtsgeschichte01_1887_0344.png
DTA-454p_PixLevAnnot/heffter_voelkerrecht_1844_0099.png
DTA-757p_PixLevAnnot/burckhardt_cicerone_1855_0040.png
DTA-757p_PixLevAnnot/siebold_suesswasserfische_1863_0103.png
DTA-757p_PixLevAnnot/justi_velazquez01_1888_0216.png
DTA-757p_PixLevAnnot/jhering_recht03_1865_0102.png
DTA-757p_PixLevAnnot/brunner_rechtsgeschichte01_1887_0114.png
DTA-757p_PixLevAnnot/brunner_rechtsgeschichte02_1892_0038.png
DTA-757p_PixLevAnnot/laband_staatsrecht0302_1882_0021.png
DTA-757p_PixLevAnnot/heffter_voelkerrecht_1844_0081.png
DTA-757p_PixLevAnnot/schwappach_forstpolitik_1894_0078.png
DTA-757p_PixLevAnnot/koch_wundinfektionskrankheiten_1878_0022.png
DTA-757p_PixLevAnnot/scheffel_ekkehard_1855_0445.png
DTA-454p_PixLevAnnot/heffter_voelkerrecht_1844_0045.png
DTA-757p_PixLevAnnot/laband_staatsrecht02_1878_0029.png
DTA-454p_PixLevAnnot/bach_versuch01_1759_0082.png
DTA-757p_PixLevAnnot/treitschke_geschichte01_1879_0347.png
DTA-454p_PixLevAnnot/glueck_pandecten02_1791_0058.png
DTA-757p_PixLevAnnot/ludwig_physiologie02_1856_0282.png
DTA-757p_PixLevAnnot/treitschke_geschichte02_1882_0162.png
DTA-757p_PixLevAnnot/laband_staatsrecht02_1878_0119.png
DTA-757p_PixLevAnnot/jhering_recht03_1865_0125.png
DTA-454p_PixLevAnnot/laband_staatsrecht01_1876_0041.png
DTA-454p_PixLevAnnot/baer_thiere_1837_0280.png
DTA-757p_PixLevAnnot/beck_eisen05_1903_0393.png
DTA-757p_PixLevAnnot/schwappach_forstpolitik_1894_0215.png
DTA-757p_PixLevAnnot/ranke_paepste01_1834_0119.png
DTA-757p_PixLevAnnot/jhering_recht01_1852_0205.png
DTA-757p_PixLevAnnot/klueber_voelkerrecht01_1821_0200.png
DTA-454p_PixLevAnnot/laband_staatsrecht0301_1880_0124.png
DTA-757p_PixLevAnnot/avelallemant_gaunerthum03_1862_0107.png
DTA-757p_PixLevAnnot/schweiger_armenien_1878_0172.png
DTA-757p_PixLevAnnot/ranke_reformation01_1839_0177.png
DTA-454p_PixLevAnnot/treitschke_geschichte03_1885_0645.png
DTA-454p_PixLevAnnot/brunner_rechtsgeschichte01_1887_0156.png
DTA-757p_PixLevAnnot/brunner_rechtsgeschichte01_1887_0028.png
DTA-757p_PixLevAnnot/wilamowitz_aristoteles02_1893_0162.png
DTA-454p_PixLevAnnot/beck_eisen01_1884_0339.png
DTA-757p_PixLevAnnot/klueber_voelkerrecht01_1821_0037.png
DTA-757p_PixLevAnnot/ranke_reformation03_1840_0041.png
DTA-757p_PixLevAnnot/brunner_rechtsgeschichte01_1887_0115.png
DTA-757p_PixLevAnnot/rein_japan02_1886_0502.png
DTA-454p_PixLevAnnot/brunner_rechtsgeschichte02_1892_0516.png
DTA-757p_PixLevAnnot/siebold_suesswasserfische_1863_0095.png
DTA-757p_PixLevAnnot/klueber_recht_1817_0300.png
DTA-757p_PixLevAnnot/ludwig_physiologie01_1852_0224.png
DTA-454p_PixLevAnnot/stock_gesellenwesen_1844_0074.png
DTA-454p_PixLevAnnot/schweiger_armenien_1878_0072.png
DTA-757p_PixLevAnnot/hilbert_mathematische_1900_0032.png
DTA-757p_PixLevAnnot/wilamowitz_aristoteles02_1893_0176.png
DTA-454p_PixLevAnnot/rumohr_forschungen02_1827_0187.png
DTA-757p_PixLevAnnot/klueber_voelkerrecht01_1821_0063.png
DTA-757p_PixLevAnnot/gerber_staatsrecht_1865_0039.png
DTA-454p_PixLevAnnot/klueber_recht_1817_0125.png
DTA-757p_PixLevAnnot/beck_eisen04_1899_0240.png
DTA-454p_PixLevAnnot/bismarck_erinnerungen01_1898_0364.png
DTA-757p_PixLevAnnot/ledebur_eisenhuettenkunde_1884_0290.png
DTA-757p_PixLevAnnot/jhering_recht03_1865_0082.png
DTA-454p_PixLevAnnot/brunner_rechtsgeschichte02_1892_0421.png
DTA-757p_PixLevAnnot/brunner_rechtsgeschichte01_1887_0120.png
DTA-757p_PixLevAnnot/savigny_system03_1840_0119.png
DTA-454p_PixLevAnnot/luz_blitz_1784_0020.png
DTA-757p_PixLevAnnot/mayer_verwaltungsrecht01_1895_0045.png
DTA-757p_PixLevAnnot/savigny_system04_1841_0069.png
DTA-757p_PixLevAnnot/wolff_naturwuerckungen_1723_0620.png
DTA-757p_PixLevAnnot/brunner_rechtsgeschichte01_1887_0092.png
DTA-454p_PixLevAnnot/beck_eisen01_1884_0740.png
DTA-757p_PixLevAnnot/wilamowitz_aristoteles01_1893_0060.png
DTA-757p_PixLevAnnot/klueber_voelkerrecht01_1821_0032.png
DTA-757p_PixLevAnnot/jhering_recht0201_1854_0103.png
DTA-757p_PixLevAnnot/mayer_duengerkapital_1869_0040.png
DTA-454p_PixLevAnnot/laband_staatsrecht02_1878_0404.png
DTA-757p_PixLevAnnot/brunner_rechtsgeschichte01_1887_0086.png
DTA-757p_PixLevAnnot/chamberlain_grundlagen02_1899_0111.png
DTA-757p_PixLevAnnot/jhering_recht0201_1854_0099.png
DTA-757p_PixLevAnnot/brunner_rechtsgeschichte02_1892_0033.png
DTA-454p_PixLevAnnot/burckhardt_renaissance_1860_0020.png
DTA-757p_PixLevAnnot/avelallemant_gaunerthum01_1858_0069.png
DTA-757p_PixLevAnnot/savigny_system03_1840_0117.png
DTA-454p_PixLevAnnot/beck_eisen02_1895_0157.png
DTA-757p_PixLevAnnot/brunner_rechtsgeschichte01_1887_0052.png
DTA-757p_PixLevAnnot/klostermann_eigenthum01_1867_0134.png
DTA-757p_PixLevAnnot/ranke_reformation04_1843_0206.png
DTA-757p_PixLevAnnot/treitschke_geschichte05_1894_0110.png
DTA-757p_PixLevAnnot/glueck_pandecten01_1790_0127.png
DTA-757p_PixLevAnnot/justi_velazquez02_1888_0211.png
DTA-454p_PixLevAnnot/boelsche_liebesleben02_1900_0105.png
DTA-757p_PixLevAnnot/riegl_stilfragen_1893_0113.png
DTA-757p_PixLevAnnot/laband_staatsrecht02_1878_0021.png
DTA-454p_PixLevAnnot/jhering_recht01_1852_0277.png
DTA-757p_PixLevAnnot/brunner_rechtsgeschichte01_1887_0079.png
DTA-757p_PixLevAnnot/laband_staatsrecht0301_1880_0100.png
DTA-454p_PixLevAnnot/marx_kapital01_1867_0602.png
DTA-757p_PixLevAnnot/berg_ostasien01_1864_0110.png
DTA-757p_PixLevAnnot/treitschke_geschichte03_1885_0058.png
DTA-757p_PixLevAnnot/brunner_rechtsgeschichte02_1892_0078.png
DTA-757p_PixLevAnnot/chamberlain_grundlagen02_1899_0115.png
DTA-454p_PixLevAnnot/mayer_verwaltungsrecht01_1895_0084.png
DTA-757p_PixLevAnnot/wilamowitz_tragoedie_1889_0196.png
DTA-757p_PixLevAnnot/rein_japan02_1886_0291.png
DTA-757p_PixLevAnnot/savigny_system06_1847_0038.png
DTA-757p_PixLevAnnot/jhering_recht0201_1854_0082.png
DTA-757p_PixLevAnnot/menger_volkswirtschaftslehre_1871_0154.png
DTA-454p_PixLevAnnot/frege_sinn_1892_0025.png
DTA-757p_PixLevAnnot/zoeckler_lehre_1879_0195.png
DTA-757p_PixLevAnnot/ranke_reformation05_1843_0025.png
DTA-454p_PixLevAnnot/berg_ostasienzoologie01_1876_0375.png
DTA-757p_PixLevAnnot/treitschke_geschichte03_1885_0080.png
DTA-757p_PixLevAnnot/klostermann_eigenthum01_1867_0215.png
DTA-454p_PixLevAnnot/bach_versuch02_1762_0345.png
DTA-454p_PixLevAnnot/treitschke_geschichte03_1885_0300.png
DTA-757p_PixLevAnnot/baer_thiere_1837_0182.png
DTA-757p_PixLevAnnot/baumstark_encyclopaedie_1835_0133.png
DTA-454p_PixLevAnnot/ludwig_physiologie02_1856_0030.png
DTA-454p_PixLevAnnot/treitschke_geschichte04_1889_0204.png
DTA-757p_PixLevAnnot/treitschke_geschichte03_1885_0659.png
DTA-757p_PixLevAnnot/klostermann_eigenthum01_1867_0098.png
DTA-757p_PixLevAnnot/mayer_verwaltungsrecht01_1895_0057.png
DTA-757p_PixLevAnnot/jhering_recht0202_1858_0170.png
DTA-757p_PixLevAnnot/berg_ostasien01_1864_0167.png
DTA-757p_PixLevAnnot/laband_staatsrecht0302_1882_0039.png
DTA-454p_PixLevAnnot/ranke_reformation03_1840_0225.png
DTA-757p_PixLevAnnot/treitschke_geschichte05_1894_0117.png
DTA-757p_PixLevAnnot/wilamowitz_tragoedie_1889_0200.png
DTA-454p_PixLevAnnot/glueck_pandecten01_1790_0212.png
DTA-454p_PixLevAnnot/laband_staatsrecht01_1876_0081.png
DTA-757p_PixLevAnnot/siebold_suesswasserfische_1863_0366.png
DTA-454p_PixLevAnnot/beck_eisen02_1895_0118.png
DTA-757p_PixLevAnnot/brunner_rechtsgeschichte01_1887_0339.png
DTA-757p_PixLevAnnot/jhering_recht0201_1854_0167.png
DTA-757p_PixLevAnnot/schweiger_armenien_1878_0046.png
DTA-454p_PixLevAnnot/strauss_jesus02_1836_0675.png
DTA-757p_PixLevAnnot/treitschke_geschichte04_1889_0129.png
DTA-757p_PixLevAnnot/brunner_rechtsgeschichte02_1892_0085.png
DTA-757p_PixLevAnnot/klueber_recht_1817_0176.png
DTA-757p_PixLevAnnot/brunner_rechtsgeschichte02_1892_0597.png
DTA-757p_PixLevAnnot/ranke_reformation01_1839_0036.png
DTA-757p_PixLevAnnot/jhering_recht01_1852_0140.png
DTA-757p_PixLevAnnot/chamberlain_grundlagen02_1899_0089.png
DTA-757p_PixLevAnnot/mohl_staatswissenschaften_1859_0211.png
DTA-757p_PixLevAnnot/baer_thiere_1837_0047.png
DTA-757p_PixLevAnnot/savigny_system06_1847_0107.png
DTA-757p_PixLevAnnot/baer_thiere_1837_0024.png
DTA-757p_PixLevAnnot/menger_volkswirtschaftslehre_1871_0151.png
DTA-757p_PixLevAnnot/laband_staatsrecht0302_1882_0118.png
DTA-454p_PixLevAnnot/mayer_verwaltungsrecht01_1895_0169.png
DTA-757p_PixLevAnnot/laband_staatsrecht0301_1880_0052.png
DTA-757p_PixLevAnnot/schmoller_kleingewerbe_1870_0319.png
DTA-454p_PixLevAnnot/brunner_rechtsgeschichte01_1887_0304.png
DTA-454p_PixLevAnnot/laband_staatsrecht0302_1882_0307.png
DTA-454p_PixLevAnnot/ranke_reformation03_1840_0357.png
DTA-757p_PixLevAnnot/brunner_rechtsgeschichte02_1892_0056.png
DTA-454p_PixLevAnnot/laband_staatsrecht02_1878_0366.png
DTA-454p_PixLevAnnot/heffter_voelkerrecht_1844_0248.png
DTA-757p_PixLevAnnot/laband_staatsrecht0301_1880_0067.png
DTA-454p_PixLevAnnot/gerber_staatsrecht_1865_0151.png
DTA-757p_PixLevAnnot/laband_staatsrecht0301_1880_0084.png
DTA-454p_PixLevAnnot/beck_eisen01_1884_0743.png
DTA-454p_PixLevAnnot/laband_staatsrecht01_1876_0562.png
DTA-757p_PixLevAnnot/jhering_recht0201_1854_0093.png
DTA-454p_PixLevAnnot/schweiger_armenien_1878_0089.png
DTA-757p_PixLevAnnot/brunner_rechtsgeschichte02_1892_0086.png
DTA-757p_PixLevAnnot/mayer_verwaltungsrecht01_1895_0066.png
DTA-757p_PixLevAnnot/brunner_rechtsgeschichte02_1892_0073.png
DTA-757p_PixLevAnnot/bluntschli_staatslehre_1875_0260.png
DTA-454p_PixLevAnnot/laband_staatsrecht0301_1880_0383.png
DTA-757p_PixLevAnnot/berg_ostasien01_1864_0080.png
DTA-757p_PixLevAnnot/laband_staatsrecht02_1878_0118.png
DTA-757p_PixLevAnnot/wilamowitz_aristoteles02_1893_0031.png
DTA-454p_PixLevAnnot/laband_staatsrecht02_1878_0153.png
DTA-757p_PixLevAnnot/justi_velazquez02_1888_0255.png
DTA-757p_PixLevAnnot/dilthey_geisteswissenschaften_1883_0422.png
DTA-757p_PixLevAnnot/wilamowitz_tragoedie_1889_0144.png
DTA-454p_PixLevAnnot/ludwig_physiologie01_1852_0239.png
DTA-757p_PixLevAnnot/avelallemant_gaunerthum01_1858_0023.png
DTA-757p_PixLevAnnot/griesinger_psychische_1845_0208.png
DTA-757p_PixLevAnnot/zoeckler_lehre_1879_0286.png
DTA-757p_PixLevAnnot/ranke_paepste03_1836_0035.png
DTA-757p_PixLevAnnot/baer_thiere_1837_0191.png
DTA-757p_PixLevAnnot/wilamowitz_aristoteles02_1893_0184.png
DTA-454p_PixLevAnnot/beck_eisen05_1903_0355.png
DTA-757p_PixLevAnnot/baer_thiere_1828_0096.png
DTA-757p_PixLevAnnot/treitschke_geschichte05_1894_0107.png
DTA-757p_PixLevAnnot/martens_voelkerrecht_1796_0187.png
DTA-757p_PixLevAnnot/beck_eisen02_1895_0107.png
DTA-757p_PixLevAnnot/moeser_phantasien02_1776_0511.png
DTA-757p_PixLevAnnot/beck_eisen05_1903_0365.png
DTA-757p_PixLevAnnot/guenther_voelkerrecht02_1792_0176.png
DTA-454p_PixLevAnnot/siebold_suesswasserfische_1863_0270.png
DTA-454p_PixLevAnnot/beseler_kommentar_1851_0361.png
DTA-454p_PixLevAnnot/sachs_botanik_1875_0429.png
DTA-757p_PixLevAnnot/brunner_rechtsgeschichte01_1887_0027.png
DTA-454p_PixLevAnnot/mayer_verwaltungsrecht01_1895_0253.png
DTA-454p_PixLevAnnot/jhering_recht0201_1854_0182.png
DTA-757p_PixLevAnnot/fischer_werkzeugmaschinen01_1900_0617.png
DTA-757p_PixLevAnnot/mayer_verwaltungsrecht01_1895_0106.png
DTA-757p_PixLevAnnot/justi_velazquez01_1888_0257.png
DTA-757p_PixLevAnnot/brunner_rechtsgeschichte01_1887_0048.png
DTA-454p_PixLevAnnot/steinen_naturvoelker_1894_0465.png
DTA-454p_PixLevAnnot/beck_eisen05_1903_0534.png
DTA-757p_PixLevAnnot/glueck_pandecten02_1791_0086.png
DTA-757p_PixLevAnnot/wilamowitz_tragoedie_1889_0060.png
DTA-757p_PixLevAnnot/klostermann_eigenthum01_1867_0166.png
DTA-454p_PixLevAnnot/savigny_system02_1840_0149.png
DTA-757p_PixLevAnnot/laband_staatsrecht0301_1880_0083.png
DTA-757p_PixLevAnnot/ranke_reformation05_1843_0016.png
DTA-454p_PixLevAnnot/darwin_pflanzen_1876_0350.png
DTA-757p_PixLevAnnot/griesinger_psychische_1845_0148.png
DTA-757p_PixLevAnnot/klostermann_eigenthum01_1867_0100.png
DTA-757p_PixLevAnnot/glueck_pandecten02_1791_0139.png
DTA-757p_PixLevAnnot/gerber_staatsrecht_1865_0077.png
DTA-757p_PixLevAnnot/justi_velazquez01_1888_0182.png
DTA-757p_PixLevAnnot/ludwig_physiologie01_1852_0170.png
DTA-757p_PixLevAnnot/griesinger_psychische_1845_0325.png
DTA-454p_PixLevAnnot/jhering_recht03_1865_0298.png
DTA-454p_PixLevAnnot/laband_staatsrecht0302_1882_0201.png
DTA-757p_PixLevAnnot/treitschke_geschichte04_1889_0093.png
DTA-757p_PixLevAnnot/savigny_system04_1841_0120.png
DTA-757p_PixLevAnnot/wilamowitz_aristoteles02_1893_0050.png
DTA-454p_PixLevAnnot/beck_eisen03_1897_0188.png
DTA-454p_PixLevAnnot/burckhardt_renaissance_1860_0393.png
DTA-454p_PixLevAnnot/brunner_rechtsgeschichte01_1887_0280.png
DTA-757p_PixLevAnnot/savigny_system04_1841_0043.png
DTA-757p_PixLevAnnot/brunner_rechtsgeschichte02_1892_0020.png
DTA-454p_PixLevAnnot/brunner_rechtsgeschichte01_1887_0232.png
DTA-757p_PixLevAnnot/mayer_verwaltungsrecht02_1896_0074.png
DTA-757p_PixLevAnnot/justi_velazquez02_1888_0219.png
DTA-757p_PixLevAnnot/justi_velazquez01_1888_0362.png
DTA-454p_PixLevAnnot/heffter_voelkerrecht_1844_0103.png
DTA-757p_PixLevAnnot/laband_staatsrecht0302_1882_0055.png
DTA-757p_PixLevAnnot/glueck_pandecten02_1791_0057.png
DTA-757p_PixLevAnnot/klueber_recht_1817_0166.png
DTA-454p_PixLevAnnot/justi_velazquez02_1888_0139.png
DTA-757p_PixLevAnnot/wilamowitz_tragoedie_1889_0109.png
DTA-454p_PixLevAnnot/beck_eisen02_1895_0128.png
DTA-757p_PixLevAnnot/siebold_suesswasserfische_1863_0081.png
DTA-454p_PixLevAnnot/zoeckler_lehre_1879_0241.png
DTA-757p_PixLevAnnot/rein_japan02_1886_0521.png
DTA-757p_PixLevAnnot/savigny_system01_1840_0117.png
DTA-454p_PixLevAnnot/siebold_suesswasserfische_1863_0044.png
DTA-757p_PixLevAnnot/treitschke_geschichte03_1885_0451.png
DTA-454p_PixLevAnnot/rumohr_forschungen03_1831_0113.png
DTA-454p_PixLevAnnot/berg_ostasien01_1864_0150.png
DTA-454p_PixLevAnnot/klueber_recht_1817_0686.png
DTA-454p_PixLevAnnot/guenther_voelkerrecht02_1792_0460.png
DTA-757p_PixLevAnnot/humboldt_aequinoktial04_1859_0181.png
DTA-757p_PixLevAnnot/laband_staatsrecht0301_1880_0128.png
DTA-757p_PixLevAnnot/savigny_system04_1841_0025.png
DTA-757p_PixLevAnnot/savigny_system05_1841_0044.png
DTA-454p_PixLevAnnot/ranke_reformation03_1840_0459.png
DTA-454p_PixLevAnnot/wilamowitz_aristoteles01_1893_0343.png
DTA-757p_PixLevAnnot/chamberlain_grundlagen02_1899_0038.png
DTA-757p_PixLevAnnot/klueber_voelkerrecht01_1821_0078.png
DTA-454p_PixLevAnnot/darwin_pflanzen_1876_0374.png
DTA-454p_PixLevAnnot/laband_staatsrecht01_1876_0199.png
DTA-757p_PixLevAnnot/laband_staatsrecht01_1876_0074.png
DTA-454p_PixLevAnnot/mayer_verwaltungsrecht02_1896_0356.png
DTA-757p_PixLevAnnot/robert_griechische_1881_0182.png
DTA-757p_PixLevAnnot/menger_volkswirtschaftslehre_1871_0153.png
DTA-757p_PixLevAnnot/jhering_recht01_1852_0255.png
DTA-757p_PixLevAnnot/gerber_staatsrecht_1865_0071.png
DTA-454p_PixLevAnnot/justi_velazquez01_1888_0249.png
DTA-454p_PixLevAnnot/savigny_system04_1841_0052.png
DTA-757p_PixLevAnnot/gerber_staatsrecht_1865_0159.png
DTA-454p_PixLevAnnot/avelallemant_gaunerthum02_1858_0294.png
DTA-757p_PixLevAnnot/boeheim_waffenkunde_1890_0431.png
DTA-757p_PixLevAnnot/brunner_rechtsgeschichte01_1887_0085.png
DTA-454p_PixLevAnnot/laband_staatsrecht01_1876_0229.png
DTA-454p_PixLevAnnot/avelallemant_gaunerthum02_1858_0112.png
DTA-757p_PixLevAnnot/savigny_system01_1840_0211.png
DTA-757p_PixLevAnnot/dilthey_geisteswissenschaften_1883_0449.png
DTA-454p_PixLevAnnot/brunner_rechtsgeschichte01_1887_0219.png
DTA-757p_PixLevAnnot/gerber_staatsrecht_1865_0070.png
DTA-454p_PixLevAnnot/savigny_system02_1840_0446.png
DTA-757p_PixLevAnnot/mohl_staatswissenschaften_1859_0633.png
DTA-757p_PixLevAnnot/treitschke_geschichte05_1894_0073.png
DTA-757p_PixLevAnnot/wilamowitz_tragoedie_1889_0070.png
DTA-454p_PixLevAnnot/brunner_rechtsgeschichte02_1892_0226.png
DTA-757p_PixLevAnnot/brunner_rechtsgeschichte01_1887_0088.png
DTA-757p_PixLevAnnot/schwappach_forstpolitik_1894_0250.png
DTA-757p_PixLevAnnot/dilthey_geisteswissenschaften_1883_0455.png
DTA-757p_PixLevAnnot/mohl_staatswissenschaften_1859_0019.png
DTA-454p_PixLevAnnot/savigny_system02_1840_0560.png
DTA-757p_PixLevAnnot/siebold_suesswasserfische_1863_0051.png
DTA-757p_PixLevAnnot/jhering_recht0201_1854_0106.png
DTA-757p_PixLevAnnot/gerber_staatsrecht_1865_0145.png
DTA-454p_PixLevAnnot/avelallemant_gaunerthum02_1858_0158.png
DTA-757p_PixLevAnnot/siebold_suesswasserfische_1863_0091.png
DTA-757p_PixLevAnnot/rumohr_forschungen02_1827_0043.png
DTA-757p_PixLevAnnot/glueck_pandecten02_1791_0116.png
DTA-757p_PixLevAnnot/savigny_system02_1840_0089.png
DTA-757p_PixLevAnnot/gerber_staatsrecht_1865_0116.png
DTA-757p_PixLevAnnot/roepell_polen_1876_0106.png
DTA-757p_PixLevAnnot/gerber_staatsrecht_1865_0065.png
DTA-757p_PixLevAnnot/savigny_system03_1840_0052.png
DTA-757p_PixLevAnnot/beck_eisen05_1903_0364.png
DTA-757p_PixLevAnnot/klueber_voelkerrecht01_1821_0204.png
DTA-757p_PixLevAnnot/savigny_system05_1841_0087.png
DTA-757p_PixLevAnnot/bastian_voelkergedanke_1881_0166.png
DTA-454p_PixLevAnnot/beck_eisen01_1884_0641.png
DTA-757p_PixLevAnnot/treitschke_geschichte04_1889_0078.png
DTA-757p_PixLevAnnot/carus_zoologie_1872_0365.png
DTA-757p_PixLevAnnot/berg_ostasienzoologie01_1876_0366.png
DTA-757p_PixLevAnnot/treitschke_geschichte05_1894_0089.png
DTA-454p_PixLevAnnot/brunner_rechtsgeschichte01_1887_0399.png
DTA-454p_PixLevAnnot/brunner_rechtsgeschichte02_1892_0040.png
DTA-454p_PixLevAnnot/boelsche_liebesleben02_1900_0081.png
DTA-454p_PixLevAnnot/laband_staatsrecht0302_1882_0125.png
DTA-757p_PixLevAnnot/ledebur_eisenhuettenkunde_1884_0312.png
DTA-454p_PixLevAnnot/brunner_rechtsgeschichte02_1892_0535.png
DTA-454p_PixLevAnnot/rumohr_forschungen02_1827_0317.png
DTA-454p_PixLevAnnot/mayer_verwaltungsrecht01_1895_0247.png
DTA-757p_PixLevAnnot/treitschke_geschichte04_1889_0076.png
DTA-454p_PixLevAnnot/brunner_rechtsgeschichte02_1892_0628.png
DTA-757p_PixLevAnnot/jhering_recht0202_1858_0174.png
DTA-454p_PixLevAnnot/laband_staatsrecht01_1876_0123.png
DTA-757p_PixLevAnnot/wilamowitz_aristoteles02_1893_0056.png
DTA-757p_PixLevAnnot/beck_eisen01_1884_0367.png
DTA-757p_PixLevAnnot/klueber_voelkerrecht02_1821_0066.png
DTA-757p_PixLevAnnot/mayer_verwaltungsrecht02_1896_0054.png
DTA-757p_PixLevAnnot/jhering_recht0202_1858_0126.png
DTA-757p_PixLevAnnot/justi_velazquez01_1888_0280.png
DTA-757p_PixLevAnnot/rein_japan02_1886_0382.png
DTA-454p_PixLevAnnot/laband_staatsrecht0302_1882_0097.png
DTA-757p_PixLevAnnot/hilbert_mathematische_1900_0042.png
DTA-757p_PixLevAnnot/wilamowitz_aristoteles01_1893_0070.png
DTA-757p_PixLevAnnot/klostermann_eigenthum01_1867_0167.png
DTA-757p_PixLevAnnot/strauss_jesus02_1836_0153.png
DTA-757p_PixLevAnnot/siebold_suesswasserfische_1863_0234.png
DTA-757p_PixLevAnnot/laband_staatsrecht0302_1882_0047.png
DTA-454p_PixLevAnnot/treitschke_geschichte05_1894_0705.png
DTA-757p_PixLevAnnot/wilamowitz_aristoteles01_1893_0036.png
DTA-757p_PixLevAnnot/bluntschli_staatslehre_1875_0096.png
DTA-454p_PixLevAnnot/avelallemant_gaunerthum02_1858_0254.png
DTA-757p_PixLevAnnot/schweiger_armenien_1878_0166.png
DTA-454p_PixLevAnnot/zoeckler_lehre_1879_0052.png
DTA-757p_PixLevAnnot/jhering_recht03_1865_0200.png
DTA-454p_PixLevAnnot/jhering_recht0201_1854_0198.png
DTA-757p_PixLevAnnot/burckhardt_renaissance_1860_0105.png
DTA-454p_PixLevAnnot/zoeckler_lehre_1879_0155.png
DTA-757p_PixLevAnnot/jhering_recht03_1865_0088.png
DTA-757p_PixLevAnnot/treitschke_geschichte05_1894_0094.png
DTA-757p_PixLevAnnot/mayer_verwaltungsrecht02_1896_0066.png
DTA-454p_PixLevAnnot/beck_eisen04_1899_0659.png
DTA-454p_PixLevAnnot/baer_thiere_1837_0030.png
DTA-757p_PixLevAnnot/jhering_recht03_1865_0123.png
DTA-757p_PixLevAnnot/savigny_system05_1841_0118.png
DTA-454p_PixLevAnnot/brunner_rechtsgeschichte01_1887_0072.png
DTA-757p_PixLevAnnot/laband_staatsrecht01_1876_0137.png
DTA-757p_PixLevAnnot/klostermann_eigenthum01_1867_0061.png
DTA-454p_PixLevAnnot/brunner_rechtsgeschichte01_1887_0428.png
DTA-454p_PixLevAnnot/chamberlain_grundlagen02_1899_0098.png
DTA-757p_PixLevAnnot/laband_staatsrecht0302_1882_0045.png
DTA-757p_PixLevAnnot/treitschke_geschichte04_1889_0051.png
DTA-757p_PixLevAnnot/justi_velazquez02_1888_0349.png
DTA-757p_PixLevAnnot/jhering_recht01_1852_0220.png
DTA-454p_PixLevAnnot/laband_staatsrecht0301_1880_0287.png
DTA-454p_PixLevAnnot/klueber_recht_1817_0368.png
DTA-454p_PixLevAnnot/altmann_elementarorganismen_1890_0061.png
DTA-757p_PixLevAnnot/dilthey_geisteswissenschaften_1883_0377.png
DTA-454p_PixLevAnnot/brunner_rechtsgeschichte01_1887_0153.png
DTA-757p_PixLevAnnot/wilamowitz_tragoedie_1889_0128.png
DTA-757p_PixLevAnnot/klueber_voelkerrecht01_1821_0053.png
DTA-454p_PixLevAnnot/brunner_rechtsgeschichte01_1887_0388.png
DTA-454p_PixLevAnnot/laband_staatsrecht02_1878_0112.png
DTA-454p_PixLevAnnot/treitschke_geschichte04_1889_0131.png
DTA-757p_PixLevAnnot/avelallemant_gaunerthum01_1858_0124.png
DTA-757p_PixLevAnnot/klostermann_eigenthum01_1867_0138.png
DTA-757p_PixLevAnnot/jhering_recht0202_1858_0201.png
DTA-454p_PixLevAnnot/sprengel_blumen_1793_0176.png
DTA-454p_PixLevAnnot/beck_eisen05_1903_0226.png
DTA-454p_PixLevAnnot/marx_kapital01_1867_0561.png
DTA-757p_PixLevAnnot/klostermann_eigenthum01_1867_0185.png
DTA-757p_PixLevAnnot/schroeder_logik0201_1891_0077.png
DTA-757p_PixLevAnnot/laband_staatsrecht01_1876_0111.png
DTA-757p_PixLevAnnot/laband_staatsrecht01_1876_0043.png
DTA-454p_PixLevAnnot/gerber_staatsrecht_1865_0096.png
DTA-757p_PixLevAnnot/dilthey_geisteswissenschaften_1883_0226.png
DTA-757p_PixLevAnnot/schweiger_armenien_1878_0103.png
DTA-757p_PixLevAnnot/klueber_voelkerrecht01_1821_0077.png
DTA-454p_PixLevAnnot/guenther_voelkerrecht02_1792_0351.png
DTA-757p_PixLevAnnot/treitschke_geschichte02_1882_0543.png
DTA-757p_PixLevAnnot/klueber_recht_1817_0305.png
DTA-757p_PixLevAnnot/laband_staatsrecht02_1878_0099.png
DTA-757p_PixLevAnnot/jhering_recht0201_1854_0153.png
DTA-757p_PixLevAnnot/wilamowitz_tragoedie_1889_0151.png
DTA-757p_PixLevAnnot/jhering_recht0202_1858_0206.png
DTA-454p_PixLevAnnot/laband_staatsrecht0302_1882_0247.png
DTA-454p_PixLevAnnot/chamberlain_grundlagen01_1899_0109.png
DTA-757p_PixLevAnnot/justi_velazquez02_1888_0066.png
DTA-757p_PixLevAnnot/klueber_voelkerrecht01_1821_0028.png
DTA-757p_PixLevAnnot/treitschke_geschichte03_1885_0195.png
DTA-757p_PixLevAnnot/chamberlain_grundlagen01_1899_0192.png
DTA-757p_PixLevAnnot/chamberlain_grundlagen02_1899_0109.png
DTA-454p_PixLevAnnot/kerl_metallurgische_1866_0098.png
DTA-454p_PixLevAnnot/laband_staatsrecht0301_1880_0256.png
DTA-757p_PixLevAnnot/ranke_reformation01_1839_0093.png
DTA-454p_PixLevAnnot/heffter_voelkerrecht_1844_0172.png
DTA-757p_PixLevAnnot/schweiger_armenien_1878_0118.png
DTA-757p_PixLevAnnot/dilthey_geisteswissenschaften_1883_0373.png
DTA-757p_PixLevAnnot/schweiger_armenien_1878_0139.png
DTA-757p_PixLevAnnot/griesinger_psychische_1845_0089.png
DTA-757p_PixLevAnnot/treitschke_geschichte03_1885_0022.png
DTA-454p_PixLevAnnot/jhering_recht01_1852_0308.png
DTA-757p_PixLevAnnot/schweiger_armenien_1878_0128.png
DTA-757p_PixLevAnnot/mayer_verwaltungsrecht01_1895_0050.png
DTA-757p_PixLevAnnot/wilamowitz_aristoteles01_1893_0125.png
DTA-757p_PixLevAnnot/justi_velazquez01_1888_0045.png
DTA-454p_PixLevAnnot/laband_staatsrecht0301_1880_0376.png
DTA-454p_PixLevAnnot/carus_zoologie_1872_0151.png
DTA-454p_PixLevAnnot/beck_eisen01_1884_0559.png
DTA-757p_PixLevAnnot/ledebur_eisenhuettenkunde_1884_0314.png
DTA-757p_PixLevAnnot/beck_eisen04_1899_0487.png
DTA-757p_PixLevAnnot/klostermann_eigenthum01_1867_0174.png
DTA-757p_PixLevAnnot/wilamowitz_tragoedie_1889_0229.png
DTA-757p_PixLevAnnot/roux_kampf_1881_0041.png
DTA-757p_PixLevAnnot/beck_eisen02_1895_0067.png
DTA-757p_PixLevAnnot/gerber_staatsrecht_1865_0112.png
DTA-757p_PixLevAnnot/laband_staatsrecht0302_1882_0082.png
DTA-757p_PixLevAnnot/avelallemant_gaunerthum01_1858_0057.png
DTA-757p_PixLevAnnot/avelallemant_gaunerthum01_1858_0054.png
DTA-454p_PixLevAnnot/klostermann_eigenthum01_1867_0197.png
DTA-454p_PixLevAnnot/laband_staatsrecht0302_1882_0241.png
DTA-454p_PixLevAnnot/heffter_voelkerrecht_1844_0102.png
DTA-757p_PixLevAnnot/treitschke_geschichte03_1885_0078.png
DTA-757p_PixLevAnnot/treitschke_geschichte02_1882_0178.png
DTA-757p_PixLevAnnot/carus_zoologie_1872_0143.png
DTA-757p_PixLevAnnot/klostermann_eigenthum01_1867_0058.png
DTA-454p_PixLevAnnot/ranke_reformation03_1840_0532.png
DTA-757p_PixLevAnnot/ludwig_physiologie01_1852_0236.png
DTA-454p_PixLevAnnot/griesinger_psychische_1845_0106.png
DTA-454p_PixLevAnnot/beck_eisen02_1895_0307.png
DTA-757p_PixLevAnnot/kerl_metallurgische_1866_0179.png
DTA-757p_PixLevAnnot/jhering_recht03_1865_0050.png
DTA-757p_PixLevAnnot/beck_eisen04_1899_0504.png
DTA-757p_PixLevAnnot/gerber_staatsrecht_1865_0106.png
DTA-757p_PixLevAnnot/savigny_system04_1841_0099.png
DTA-757p_PixLevAnnot/brunner_rechtsgeschichte02_1892_0034.png
DTA-757p_PixLevAnnot/gerber_staatsrecht_1865_0162.png
DTA-454p_PixLevAnnot/mayer_verwaltungsrecht02_1896_0455.png
DTA-454p_PixLevAnnot/laband_staatsrecht02_1878_0117.png
DTA-454p_PixLevAnnot/bismarck_erinnerungen02_1898_0057.png
DTA-454p_PixLevAnnot/brunner_rechtsgeschichte01_1887_0283.png
DTA-757p_PixLevAnnot/beseler_kommentar_1851_0151.png
DTA-757p_PixLevAnnot/griesinger_psychische_1845_0123.png
DTA-454p_PixLevAnnot/ranke_reformation04_1843_0294.png
DTA-454p_PixLevAnnot/baumstark_encyclopaedie_1835_0800.png
DTA-757p_PixLevAnnot/klueber_voelkerrecht01_1821_0197.png
DTA-757p_PixLevAnnot/brunner_rechtsgeschichte01_1887_0094.png
DTA-757p_PixLevAnnot/brunner_rechtsgeschichte02_1892_0039.png
DTA-757p_PixLevAnnot/glueck_pandecten02_1791_0214.png
DTA-757p_PixLevAnnot/schweiger_armenien_1878_0061.png
DTA-454p_PixLevAnnot/laband_staatsrecht02_1878_0464.png
DTA-757p_PixLevAnnot/treitschke_geschichte04_1889_0120.png
DTA-454p_PixLevAnnot/bluntschli_staatslehre_1875_0650.png
DTA-757p_PixLevAnnot/schwappach_forstpolitik_1894_0252.png
DTA-757p_PixLevAnnot/brunner_rechtsgeschichte02_1892_0052.png
DTA-454p_PixLevAnnot/drude_pflanzengeographie_1890_0145.png
DTA-454p_PixLevAnnot/schwappach_forstpolitik_1894_0024.png
DTA-757p_PixLevAnnot/wilamowitz_aristoteles02_1893_0158.png
DTA-454p_PixLevAnnot/sachs_botanik_1875_0029.png
DTA-757p_PixLevAnnot/jhering_recht0202_1858_0033.png
DTA-454p_PixLevAnnot/grimm_grammatik01_1822_0398.png
DTA-757p_PixLevAnnot/laband_staatsrecht01_1876_0035.png
DTA-757p_PixLevAnnot/gerber_staatsrecht_1865_0040.png
DTA-757p_PixLevAnnot/laband_staatsrecht0301_1880_0068.png
DTA-454p_PixLevAnnot/laband_staatsrecht01_1876_0112.png
DTA-454p_PixLevAnnot/brunner_rechtsgeschichte01_1887_0127.png
DTA-757p_PixLevAnnot/laband_staatsrecht01_1876_0139.png
DTA-757p_PixLevAnnot/grimm_grammatik01_1822_0182.png
DTA-454p_PixLevAnnot/brehm_thierleben01_1864_0320.png
DTA-757p_PixLevAnnot/beck_eisen01_1884_0043.png
DTA-757p_PixLevAnnot/wilamowitz_tragoedie_1889_0179.png
DTA-757p_PixLevAnnot/laband_staatsrecht02_1878_0034.png
DTA-757p_PixLevAnnot/brunner_rechtsgeschichte02_1892_0062.png
DTA-757p_PixLevAnnot/jhering_recht03_1865_0170.png
DTA-757p_PixLevAnnot/avelallemant_gaunerthum01_1858_0128.png
DTA-757p_PixLevAnnot/berg_ostasien03_1873_0088.png
DTA-757p_PixLevAnnot/savigny_system03_1840_0154.png
DTA-454p_PixLevAnnot/beck_eisen02_1895_0191.png
DTA-757p_PixLevAnnot/beseler_kommentar_1851_0106.png
DTA-757p_PixLevAnnot/jhering_recht0201_1854_0163.png
DTA-757p_PixLevAnnot/bluntschli_staatslehre_1875_0088.png
DTA-757p_PixLevAnnot/beseler_kommentar_1851_0180.png
DTA-454p_PixLevAnnot/wilamowitz_aristoteles02_1893_0084.png
DTA-454p_PixLevAnnot/siebold_suesswasserfische_1863_0299.png
DTA-757p_PixLevAnnot/savigny_system07_1848_0037.png
DTA-454p_PixLevAnnot/brunner_rechtsgeschichte02_1892_0537.png
DTA-454p_PixLevAnnot/beck_eisen01_1884_0973.png
DTA-757p_PixLevAnnot/rumohr_forschungen01_1827_0062.png
DTA-757p_PixLevAnnot/savigny_system03_1840_0130.png
DTA-454p_PixLevAnnot/mayer_verwaltungsrecht02_1896_0247.png
DTA-454p_PixLevAnnot/laband_staatsrecht01_1876_0303.png
DTA-757p_PixLevAnnot/berg_ostasien01_1864_0189.png
DTA-757p_PixLevAnnot/griesinger_psychische_1845_0158.png
DTA-757p_PixLevAnnot/mayer_verwaltungsrecht02_1896_0022.png
DTA-757p_PixLevAnnot/brunner_rechtsgeschichte01_1887_0078.png
DTA-757p_PixLevAnnot/laband_staatsrecht0301_1880_0127.png
DTA-757p_PixLevAnnot/chamberlain_grundlagen01_1899_0399.png
DTA-454p_PixLevAnnot/brockes_vergnuegen03_1730_0303.png
DTA-757p_PixLevAnnot/beck_eisen04_1899_0410.png
DTA-454p_PixLevAnnot/boelsche_liebesleben02_1900_0101.png
DTA-454p_PixLevAnnot/gerber_staatsrecht_1865_0160.png
DTA-757p_PixLevAnnot/klostermann_eigenthum01_1867_0135.png
DTA-757p_PixLevAnnot/menger_volkswirtschaftslehre_1871_0098.png
DTA-757p_PixLevAnnot/brunner_rechtsgeschichte01_1887_0036.png
DTA-757p_PixLevAnnot/laband_staatsrecht0302_1882_0048.png
DTA-757p_PixLevAnnot/savigny_system03_1840_0163.png
DTA-757p_PixLevAnnot/brunner_rechtsgeschichte01_1887_0070.png
DTA-757p_PixLevAnnot/laband_staatsrecht0302_1882_0046.png
DTA-757p_PixLevAnnot/laband_staatsrecht02_1878_0035.png
DTA-757p_PixLevAnnot/jhering_recht01_1852_0170.png
DTA-757p_PixLevAnnot/laband_staatsrecht0302_1882_0051.png
DTA-757p_PixLevAnnot/riegl_stilfragen_1893_0267.png
DTA-757p_PixLevAnnot/beck_eisen04_1899_0151.png
DTA-454p_PixLevAnnot/riegl_stilfragen_1893_0190.png
DTA-454p_PixLevAnnot/beck_eisen02_1895_0373.png
DTA-757p_PixLevAnnot/brunner_rechtsgeschichte02_1892_0045.png
DTA-454p_PixLevAnnot/laband_staatsrecht0301_1880_0047.png
DTA-757p_PixLevAnnot/beck_eisen04_1899_0416.png
DTA-757p_PixLevAnnot/justi_velazquez01_1888_0192.png
DTA-757p_PixLevAnnot/laband_staatsrecht0301_1880_0132.png
DTA-757p_PixLevAnnot/savigny_system05_1841_0112.png
DTA-757p_PixLevAnnot/gerber_staatsrecht_1865_0124.png
DTA-454p_PixLevAnnot/treitschke_geschichte05_1894_0539.png
DTA-454p_PixLevAnnot/trichter_ritterexercitienlexikon_1742_0258.png
DTA-757p_PixLevAnnot/grimm_grammatik02_1826_0431.png
DTA-757p_PixLevAnnot/baumstark_encyclopaedie_1835_0056.png
DTA-757p_PixLevAnnot/jhering_recht0201_1854_0168.png
DTA-757p_PixLevAnnot/griesinger_psychische_1845_0151.png
DTA-757p_PixLevAnnot/brunner_rechtsgeschichte02_1892_0050.png
DTA-757p_PixLevAnnot/laband_staatsrecht0301_1880_0098.png
DTA-757p_PixLevAnnot/wilamowitz_tragoedie_1889_0168.png
DTA-757p_PixLevAnnot/laband_staatsrecht0302_1882_0049.png
DTA-454p_PixLevAnnot/strauss_jesus02_1836_0549.png
DTA-757p_PixLevAnnot/rein_japan01_1881_0291.png
DTA-757p_PixLevAnnot/jhering_recht03_1865_0061.png
DTA-757p_PixLevAnnot/wilamowitz_aristoteles01_1893_0127.png
DTA-454p_PixLevAnnot/brunner_rechtsgeschichte01_1887_0107.png
DTA-454p_PixLevAnnot/klueber_voelkerrecht01_1821_0248.png
DTA-757p_PixLevAnnot/wilamowitz_aristoteles01_1893_0098.png
DTA-757p_PixLevAnnot/laband_staatsrecht02_1878_0042.png
DTA-454p_PixLevAnnot/schwappach_forstpolitik_1894_0249.png
DTA-757p_PixLevAnnot/ranke_paepste01_1834_0066.png
DTA-454p_PixLevAnnot/siebold_suesswasserfische_1863_0188.png
DTA-454p_PixLevAnnot/avelallemant_gaunerthum02_1858_0343.png
DTA-454p_PixLevAnnot/brunner_rechtsgeschichte02_1892_0084.png
DTA-757p_PixLevAnnot/wilamowitz_aristoteles02_1893_0183.png
DTA-454p_PixLevAnnot/treitschke_geschichte03_1885_0235.png
DTA-454p_PixLevAnnot/chamberlain_grundlagen02_1899_0316.png
DTA-757p_PixLevAnnot/laband_staatsrecht01_1876_0073.png
DTA-757p_PixLevAnnot/brunner_rechtsgeschichte01_1887_0073.png
DTA-454p_PixLevAnnot/jhering_recht0201_1854_0083.png
DTA-454p_PixLevAnnot/wilamowitz_aristoteles01_1893_0264.png
DTA-454p_PixLevAnnot/ludwig_physiologie02_1856_0400.png
DTA-757p_PixLevAnnot/klueber_recht_1817_0130.png
DTA-454p_PixLevAnnot/treitschke_geschichte04_1889_0222.png
DTA-757p_PixLevAnnot/mohl_staatswissenschaften_1859_0162.png
DTA-454p_PixLevAnnot/zoeckler_lehre_1879_0207.png
DTA-757p_PixLevAnnot/brunner_rechtsgeschichte02_1892_0079.png
DTA-757p_PixLevAnnot/jhering_recht03_1865_0121.png
DTA-757p_PixLevAnnot/chamberlain_grundlagen01_1899_0078.png
DTA-757p_PixLevAnnot/laband_staatsrecht0301_1880_0119.png
DTA-757p_PixLevAnnot/brunner_rechtsgeschichte02_1892_0065.png
DTA-454p_PixLevAnnot/brunner_rechtsgeschichte01_1887_0136.png
DTA-757p_PixLevAnnot/chamberlain_grundlagen02_1899_0118.png
DTA-757p_PixLevAnnot/mayer_verwaltungsrecht02_1896_0023.png
DTA-757p_PixLevAnnot/chamberlain_grundlagen01_1899_0396.png
DTA-454p_PixLevAnnot/wilamowitz_aristoteles01_1893_0145.png
DTA-757p_PixLevAnnot/laband_staatsrecht0301_1880_0064.png
DTA-454p_PixLevAnnot/boelsche_liebesleben02_1900_0124.png
DTA-757p_PixLevAnnot/wilamowitz_aristoteles01_1893_0149.png
DTA-757p_PixLevAnnot/klueber_recht_1817_0069.png
DTA-454p_PixLevAnnot/berg_ostasien04_1873_0423.png
DTA-757p_PixLevAnnot/mayer_verwaltungsrecht02_1896_0077.png
DTA-757p_PixLevAnnot/laband_staatsrecht0302_1882_0078.png
DTA-757p_PixLevAnnot/brunner_rechtsgeschichte01_1887_0197.png
DTA-757p_PixLevAnnot/jhering_recht03_1865_0087.png
DTA-757p_PixLevAnnot/treitschke_geschichte05_1894_0082.png
DTA-757p_PixLevAnnot/laband_staatsrecht01_1876_0056.png
DTA-454p_PixLevAnnot/mommsen_roemische02_1855_0232.png
DTA-757p_PixLevAnnot/laband_staatsrecht0302_1882_0054.png
DTA-454p_PixLevAnnot/laband_staatsrecht0302_1882_0182.png
DTA-454p_PixLevAnnot/klostermann_eigenthum01_1867_0360.png
DTA-454p_PixLevAnnot/laband_staatsrecht01_1876_0617.png
DTA-757p_PixLevAnnot/jhering_recht03_1865_0122.png
DTA-757p_PixLevAnnot/avelallemant_gaunerthum01_1858_0102.png
DTA-757p_PixLevAnnot/laband_staatsrecht0301_1880_0111.png
DTA-757p_PixLevAnnot/laband_staatsrecht02_1878_0051.png
DTA-454p_PixLevAnnot/boelsche_liebesleben02_1900_0024.png
DTA-454p_PixLevAnnot/beck_eisen01_1884_0501.png
DTA-757p_PixLevAnnot/schweiger_armenien_1878_0155.png
DTA-454p_PixLevAnnot/laband_staatsrecht0302_1882_0186.png
DTA-757p_PixLevAnnot/rein_japan02_1886_0562.png
DTA-454p_PixLevAnnot/marx_kapital01_1867_0761.png
DTA-757p_PixLevAnnot/glueck_pandecten02_1791_0126.png
DTA-757p_PixLevAnnot/jhering_recht0202_1858_0183.png
DTA-757p_PixLevAnnot/brunner_rechtsgeschichte01_1887_0064.png
DTA-757p_PixLevAnnot/jhering_recht0202_1858_0134.png
DTA-757p_PixLevAnnot/ranke_reformation03_1840_0030.png
DTA-757p_PixLevAnnot/laband_staatsrecht02_1878_0123.png
DTA-757p_PixLevAnnot/ranke_reformation05_1843_0023.png
DTA-757p_PixLevAnnot/ranke_reformation03_1840_0170.png
DTA-757p_PixLevAnnot/carus_zoologie_1872_0116.png
DTA-454p_PixLevAnnot/griesinger_psychische_1845_0117.png
DTA-454p_PixLevAnnot/ranke_reformation01_1839_0273.png
DTA-454p_PixLevAnnot/beck_eisen01_1884_0483.png
DTA-757p_PixLevAnnot/mayer_verwaltungsrecht01_1895_0079.png
DTA-454p_PixLevAnnot/avelallemant_gaunerthum02_1858_0328.png
DTA-757p_PixLevAnnot/siebold_suesswasserfische_1863_0121.png
DTA-757p_PixLevAnnot/nn_turnkunst02_1844_0153.png
DTA-454p_PixLevAnnot/ludwig_physiologie01_1852_0302.png
DTA-757p_PixLevAnnot/riegl_stilfragen_1893_0179.png
DTA-757p_PixLevAnnot/ledebur_eisenhuettenkunde_1884_0248.png
DTA-757p_PixLevAnnot/treitschke_geschichte02_1882_0210.png
DTA-757p_PixLevAnnot/brunner_rechtsgeschichte02_1892_0227.png
DTA-757p_PixLevAnnot/brunner_rechtsgeschichte01_1887_0387.png
DTA-757p_PixLevAnnot/justi_velazquez01_1888_0097.png
DTA-757p_PixLevAnnot/jhering_recht03_1865_0091.png
DTA-757p_PixLevAnnot/guenther_voelkerrecht02_1792_0253.png
DTA-454p_PixLevAnnot/ranke_reformation05_1843_0343.png
DTA-757p_PixLevAnnot/chamberlain_grundlagen01_1899_0194.png
DTA-757p_PixLevAnnot/laband_staatsrecht01_1876_0045.png
DTA-454p_PixLevAnnot/brunner_rechtsgeschichte01_1887_0087.png
DTA-757p_PixLevAnnot/beck_eisen04_1899_0507.png
DTA-757p_PixLevAnnot/peschel_voelkerkunde_1874_0156.png
DTA-757p_PixLevAnnot/treitschke_geschichte01_1879_0705.png
DTA-757p_PixLevAnnot/ranke_reformation01_1839_0072.png
DTA-757p_PixLevAnnot/brunner_rechtsgeschichte02_1892_0081.png
DTA-757p_PixLevAnnot/brunner_rechtsgeschichte01_1887_0068.png
DTA-757p_PixLevAnnot/wilamowitz_tragoedie_1889_0056.png
DTA-757p_PixLevAnnot/beck_eisen04_1899_0263.png
DTA-757p_PixLevAnnot/chamberlain_grundlagen01_1899_0259.png
DTA-757p_PixLevAnnot/treitschke_geschichte04_1889_0069.png
DTA-757p_PixLevAnnot/griesinger_psychische_1845_0096.png
DTA-757p_PixLevAnnot/baumstark_encyclopaedie_1835_0134.png
DTA-757p_PixLevAnnot/justi_velazquez02_1888_0209.png
DTA-757p_PixLevAnnot/ledebur_eisenhuettenkunde_1884_0095.png
DTA-757p_PixLevAnnot/kerl_metallurgische_1866_0197.png
DTA-757p_PixLevAnnot/carus_zoologie_1872_0203.png
DTA-454p_PixLevAnnot/mayer_verwaltungsrecht02_1896_0135.png
DTA-454p_PixLevAnnot/beck_eisen01_1884_0554.png
DTA-454p_PixLevAnnot/glueck_pandecten02_1791_0107.png
DTA-757p_PixLevAnnot/treitschke_geschichte05_1894_0050.png
DTA-757p_PixLevAnnot/heffter_voelkerrecht_1844_0189.png
DTA-757p_PixLevAnnot/ranke_reformation03_1840_0137.png
DTA-757p_PixLevAnnot/avelallemant_gaunerthum03_1862_0046.png
DTA-454p_PixLevAnnot/strauss_jesus01_1835_0038.png
DTA-757p_PixLevAnnot/berg_ostasien01_1864_0197.png
DTA-454p_PixLevAnnot/brunner_rechtsgeschichte01_1887_0332.png
DTA-757p_PixLevAnnot/laband_staatsrecht0302_1882_0033.png
DTA-454p_PixLevAnnot/jhering_recht0202_1858_0147.png
DTA-757p_PixLevAnnot/peschel_voelkerkunde_1874_0080.png
DTA-454p_PixLevAnnot/brunner_rechtsgeschichte01_1887_0096.png
DTA-757p_PixLevAnnot/chamberlain_grundlagen02_1899_0103.png
DTA-757p_PixLevAnnot/wilamowitz_aristoteles01_1893_0110.png
DTA-757p_PixLevAnnot/mayer_verwaltungsrecht02_1896_0018.png
DTA-757p_PixLevAnnot/schmoller_kleingewerbe_1870_0206.png
DTA-454p_PixLevAnnot/savigny_system05_1841_0234.png
DTA-757p_PixLevAnnot/treitschke_geschichte01_1879_0548.png
DTA-757p_PixLevAnnot/chamberlain_grundlagen02_1899_0034.png
DTA-757p_PixLevAnnot/jhering_recht03_1865_0060.png
DTA-757p_PixLevAnnot/carus_zoologie_1872_0024.png
DTA-757p_PixLevAnnot/baumstark_encyclopaedie_1835_0080.png
DTA-757p_PixLevAnnot/gerber_staatsrecht_1865_0121.png
DTA-454p_PixLevAnnot/brunner_rechtsgeschichte02_1892_0504.png
DTA-757p_PixLevAnnot/brunner_rechtsgeschichte01_1887_0055.png
DTA-757p_PixLevAnnot/jhering_recht0201_1854_0051.png
DTA-757p_PixLevAnnot/treitschke_geschichte02_1882_0385.png
DTA-454p_PixLevAnnot/schmoller_kleingewerbe_1870_0367.png
DTA-454p_PixLevAnnot/guenther_voelkerrecht02_1792_0268.png
DTA-454p_PixLevAnnot/mayer_verwaltungsrecht01_1895_0402.png
DTA-757p_PixLevAnnot/menger_volkswirtschaftslehre_1871_0281.png
DTA-454p_PixLevAnnot/brunner_rechtsgeschichte01_1887_0177.png
DTA-757p_PixLevAnnot/siebold_suesswasserfische_1863_0082.png
DTA-757p_PixLevAnnot/treitschke_geschichte05_1894_0052.png
DTA-757p_PixLevAnnot/wilamowitz_tragoedie_1889_0177.png
DTA-757p_PixLevAnnot/beck_eisen05_1903_0378.png
DTA-757p_PixLevAnnot/klostermann_eigenthum01_1867_0196.png
DTA-757p_PixLevAnnot/ranke_paepste02_1836_0106.png
DTA-757p_PixLevAnnot/berg_ostasien01_1864_0117.png
DTA-757p_PixLevAnnot/jhering_recht01_1852_0279.png
DTA-454p_PixLevAnnot/brunner_rechtsgeschichte02_1892_0100.png
DTA-757p_PixLevAnnot/laband_staatsrecht0302_1882_0098.png
DTA-757p_PixLevAnnot/jhering_recht0201_1854_0074.png
DTA-757p_PixLevAnnot/zoeckler_lehre_1879_0137.png
DTA-757p_PixLevAnnot/baumstark_encyclopaedie_1835_0083.png
DTA-757p_PixLevAnnot/wilamowitz_aristoteles02_1893_0096.png
DTA-757p_PixLevAnnot/savigny_system05_1841_0103.png
DTA-757p_PixLevAnnot/jhering_recht0201_1854_0166.png
DTA-757p_PixLevAnnot/laband_staatsrecht0301_1880_0141.png
DTA-454p_PixLevAnnot/baumstark_encyclopaedie_1835_0071.png
DTA-757p_PixLevAnnot/brunner_rechtsgeschichte02_1892_0117.png
DTA-757p_PixLevAnnot/jhering_recht03_1865_0107.png
DTA-757p_PixLevAnnot/klueber_voelkerrecht01_1821_0118.png
DTA-757p_PixLevAnnot/schwappach_forstpolitik_1894_0107.png
DTA-757p_PixLevAnnot/siebold_suesswasserfische_1863_0042.png
DTA-757p_PixLevAnnot/treitschke_geschichte03_1885_0043.png
DTA-757p_PixLevAnnot/feuerbach_recht_1801_0112.png
DTA-454p_PixLevAnnot/siebold_suesswasserfische_1863_0231.png
DTA-757p_PixLevAnnot/justi_velazquez02_1888_0141.png
DTA-757p_PixLevAnnot/laband_staatsrecht01_1876_0145.png
DTA-454p_PixLevAnnot/beck_eisen02_1895_0160.png
DTA-757p_PixLevAnnot/feuerbach_recht_1801_0176.png
DTA-757p_PixLevAnnot/siebold_suesswasserfische_1863_0053.png
DTA-454p_PixLevAnnot/wilamowitz_aristoteles01_1893_0160.png
DTA-757p_PixLevAnnot/laband_staatsrecht0301_1880_0056.png
DTA-454p_PixLevAnnot/wilamowitz_aristoteles01_1893_0231.png
DTA-757p_PixLevAnnot/laband_staatsrecht0302_1882_0022.png
DTA-757p_PixLevAnnot/baumstark_encyclopaedie_1835_0090.png
DTA-757p_PixLevAnnot/klostermann_eigenthum01_1867_0168.png
DTA-757p_PixLevAnnot/wilamowitz_aristoteles02_1893_0152.png
DTA-757p_PixLevAnnot/treitschke_geschichte05_1894_0096.png
DTA-757p_PixLevAnnot/wilamowitz_aristoteles02_1893_0090.png
DTA-757p_PixLevAnnot/menger_volkswirtschaftslehre_1871_0164.png
DTA-757p_PixLevAnnot/beseler_kommentar_1851_0042.png
DTA-757p_PixLevAnnot/siebold_suesswasserfische_1863_0049.png
DTA-454p_PixLevAnnot/brehm_thierleben01_1864_0188.png
DTA-757p_PixLevAnnot/brunner_rechtsgeschichte01_1887_0057.png
DTA-757p_PixLevAnnot/siebold_suesswasserfische_1863_0047.png
DTA-454p_PixLevAnnot/beck_eisen05_1903_0616.png
DTA-757p_PixLevAnnot/treitschke_geschichte05_1894_0088.png
DTA-757p_PixLevAnnot/brunner_rechtsgeschichte01_1887_0049.png
DTA-757p_PixLevAnnot/chamberlain_grundlagen01_1899_0348.png
DTA-757p_PixLevAnnot/mohl_staatswissenschaften_1859_0750.png
DTA-454p_PixLevAnnot/savigny_system04_1841_0056.png
DTA-757p_PixLevAnnot/brunner_rechtsgeschichte02_1892_0339.png
DTA-757p_PixLevAnnot/justi_velazquez01_1888_0365.png
DTA-757p_PixLevAnnot/laband_staatsrecht0301_1880_0051.png
DTA-757p_PixLevAnnot/avelallemant_gaunerthum02_1858_0119.png
DTA-757p_PixLevAnnot/klostermann_eigenthum01_1867_0184.png
DTA-757p_PixLevAnnot/carus_zoologie_1872_0232.png
DTA-757p_PixLevAnnot/schmoller_kleingewerbe_1870_0291.png
DTA-757p_PixLevAnnot/gerber_staatsrecht_1865_0139.png
DTA-757p_PixLevAnnot/avelallemant_gaunerthum01_1858_0175.png
DTA-757p_PixLevAnnot/chamberlain_grundlagen01_1899_0258.png
DTA-757p_PixLevAnnot/beseler_kommentar_1851_0073.png
DTA-454p_PixLevAnnot/laband_staatsrecht01_1876_0287.png
DTA-454p_PixLevAnnot/hilbert_mathematische_1900_0028.png
DTA-757p_PixLevAnnot/brunner_rechtsgeschichte02_1892_0046.png
DTA-454p_PixLevAnnot/boelsche_liebesleben01_1898_0340.png
DTA-454p_PixLevAnnot/baumstark_encyclopaedie_1835_0246.png
DTA-757p_PixLevAnnot/mayer_verwaltungsrecht02_1896_0073.png
DTA-757p_PixLevAnnot/ranke_reformation04_1843_0169.png
DTA-757p_PixLevAnnot/wilamowitz_aristoteles02_1893_0086.png
DTA-454p_PixLevAnnot/beck_eisen05_1903_0518.png
DTA-454p_PixLevAnnot/jhering_recht0201_1854_0211.png
DTA-757p_PixLevAnnot/laband_staatsrecht01_1876_0109.png
DTA-757p_PixLevAnnot/wilamowitz_aristoteles02_1893_0168.png
DTA-757p_PixLevAnnot/wilamowitz_tragoedie_1889_0048.png
DTA-757p_PixLevAnnot/gerber_staatsrecht_1865_0130.png
DTA-454p_PixLevAnnot/brunner_rechtsgeschichte01_1887_0373.png
DTA-454p_PixLevAnnot/brunner_rechtsgeschichte02_1892_0605.png
DTA-454p_PixLevAnnot/beck_eisen02_1895_0548.png
DTA-757p_PixLevAnnot/laband_staatsrecht0302_1882_0090.png
DTA-454p_PixLevAnnot/mayer_verwaltungsrecht02_1896_0404.png
DTA-757p_PixLevAnnot/klueber_recht_1817_0047.png
DTA-757p_PixLevAnnot/gerber_staatsrecht_1865_0102.png
DTA-757p_PixLevAnnot/bluntschli_staatslehre_1875_0165.png
DTA-454p_PixLevAnnot/brunner_rechtsgeschichte01_1887_0380.png
DTA-757p_PixLevAnnot/brunner_rechtsgeschichte01_1887_0080.png
DTA-454p_PixLevAnnot/brunner_rechtsgeschichte01_1887_0230.png
DTA-757p_PixLevAnnot/baer_thiere_1837_0183.png
DTA-757p_PixLevAnnot/schwappach_forstpolitik_1894_0072.png
DTA-757p_PixLevAnnot/beck_eisen03_1897_0144.png
DTA-454p_PixLevAnnot/ranke_reformation01_1839_0179.png
DTA-757p_PixLevAnnot/schmoller_kleingewerbe_1870_0085.png
DTA-757p_PixLevAnnot/wilamowitz_aristoteles02_1893_0381.png
DTA-757p_PixLevAnnot/treitschke_geschichte04_1889_0086.png
DTA-757p_PixLevAnnot/treitschke_geschichte04_1889_0106.png
DTA-757p_PixLevAnnot/siebold_suesswasserfische_1863_0027.png
DTA-454p_PixLevAnnot/busch_max_1865_0077.png
DTA-454p_PixLevAnnot/klostermann_eigenthum01_1867_0142.png
DTA-757p_PixLevAnnot/bluntschli_staatslehre_1875_0255.png
DTA-757p_PixLevAnnot/treitschke_geschichte05_1894_0112.png
DTA-757p_PixLevAnnot/heffter_voelkerrecht_1844_0255.png
DTA-454p_PixLevAnnot/mayer_verwaltungsrecht01_1895_0313.png
DTA-757p_PixLevAnnot/wilamowitz_tragoedie_1889_0076.png
DTA-757p_PixLevAnnot/rein_japan01_1881_0325.png
DTA-757p_PixLevAnnot/mayer_verwaltungsrecht02_1896_0070.png
DTA-454p_PixLevAnnot/laband_staatsrecht0301_1880_0069.png
DTA-757p_PixLevAnnot/beck_eisen05_1903_0614.png
DTA-454p_PixLevAnnot/avelallemant_gaunerthum02_1858_0260.png
DTA-757p_PixLevAnnot/jhering_recht0202_1858_0130.png
DTA-757p_PixLevAnnot/jhering_recht01_1852_0221.png
DTA-454p_PixLevAnnot/glueck_pandecten02_1791_0378.png
DTA-757p_PixLevAnnot/brunner_rechtsgeschichte01_1887_0138.png
DTA-454p_PixLevAnnot/brunner_rechtsgeschichte01_1887_0233.png
DTA-454p_PixLevAnnot/brunner_rechtsgeschichte02_1892_0136.png
DTA-757p_PixLevAnnot/brunner_rechtsgeschichte02_1892_0042.png
DTA-757p_PixLevAnnot/avelallemant_gaunerthum01_1858_0038.png
DTA-454p_PixLevAnnot/dahlmann_politik_1835_0115.png
DTA-454p_PixLevAnnot/jhering_recht0202_1858_0375.png
DTA-757p_PixLevAnnot/savigny_system03_1840_0055.png
DTA-757p_PixLevAnnot/klostermann_eigenthum01_1867_0064.png
DTA-757p_PixLevAnnot/treitschke_geschichte04_1889_0703.png
DTA-454p_PixLevAnnot/glueck_pandecten02_1791_0100.png
DTA-454p_PixLevAnnot/laband_staatsrecht02_1878_0360.png
DTA-757p_PixLevAnnot/avelallemant_gaunerthum02_1858_0139.png
DTA-757p_PixLevAnnot/laband_staatsrecht0302_1882_0035.png
DTA-757p_PixLevAnnot/rumohr_forschungen01_1827_0205.png
DTA-757p_PixLevAnnot/jhering_recht03_1865_0169.png
DTA-757p_PixLevAnnot/wilamowitz_aristoteles01_1893_0128.png
DTA-757p_PixLevAnnot/beck_eisen04_1899_0411.png
DTA-757p_PixLevAnnot/brunner_rechtsgeschichte02_1892_0088.png
DTA-757p_PixLevAnnot/laband_staatsrecht0301_1880_0131.png
DTA-757p_PixLevAnnot/bluntschli_staatslehre_1875_0262.png
DTA-454p_PixLevAnnot/brunner_rechtsgeschichte01_1887_0181.png
DTA-757p_PixLevAnnot/avelallemant_gaunerthum01_1858_0109.png
DTA-757p_PixLevAnnot/jhering_recht03_1865_0090.png
DTA-757p_PixLevAnnot/avelallemant_gaunerthum01_1858_0025.png
DTA-757p_PixLevAnnot/beseler_kommentar_1851_0018.png
DTA-757p_PixLevAnnot/laband_staatsrecht0301_1880_0085.png
DTA-454p_PixLevAnnot/baer_thiere_1837_0275.png
DTA-757p_PixLevAnnot/laband_staatsrecht02_1878_0114.png
DTA-757p_PixLevAnnot/brunner_rechtsgeschichte02_1892_0059.png
DTA-757p_PixLevAnnot/siebold_suesswasserfische_1863_0154.png
DTA-757p_PixLevAnnot/siebold_suesswasserfische_1863_0100.png
DTA-757p_PixLevAnnot/avelallemant_gaunerthum04_1862_0230.png
DTA-757p_PixLevAnnot/brunner_rechtsgeschichte01_1887_0063.png
DTA-757p_PixLevAnnot/laband_staatsrecht02_1878_0017.png
DTA-757p_PixLevAnnot/hirschfeld_gartenkunst1_1779_0036.png
DTA-757p_PixLevAnnot/mohl_staatswissenschaften_1859_0172.png
DTA-454p_PixLevAnnot/siebold_suesswasserfische_1863_0242.png
DTA-454p_PixLevAnnot/avelallemant_gaunerthum02_1858_0151.png
DTA-757p_PixLevAnnot/jhering_recht0201_1854_0057.png
DTA-757p_PixLevAnnot/brunner_rechtsgeschichte02_1892_0091.png
DTA-757p_PixLevAnnot/laband_staatsrecht0302_1882_0044.png
DTA-757p_PixLevAnnot/schweiger_armenien_1878_0137.png
DTA-454p_PixLevAnnot/treitschke_geschichte05_1894_0364.png
DTA-454p_PixLevAnnot/laband_staatsrecht0302_1882_0357.png
DTA-454p_PixLevAnnot/boelsche_liebesleben02_1900_0047.png
DTA-454p_PixLevAnnot/siebold_suesswasserfische_1863_0170.png
DTA-454p_PixLevAnnot/ranke_paepste01_1834_0460.png
DTA-757p_PixLevAnnot/ranke_reformation03_1840_0044.png
DTA-757p_PixLevAnnot/berg_ostasienzoologie01_1876_0378.png
DTA-757p_PixLevAnnot/beck_eisen04_1899_0246.png
DTA-454p_PixLevAnnot/laband_staatsrecht0302_1882_0184.png
DTA-757p_PixLevAnnot/ranke_paepste02_1836_0197.png
DTA-757p_PixLevAnnot/baer_thiere_1837_0021.png
DTA-757p_PixLevAnnot/jhering_recht03_1865_0093.png
DTA-757p_PixLevAnnot/robert_griechische_1881_0038.png
DTA-454p_PixLevAnnot/brunner_rechtsgeschichte01_1887_0275.png
DTA-757p_PixLevAnnot/klueber_voelkerrecht01_1821_0123.png
DTA-757p_PixLevAnnot/laband_staatsrecht0301_1880_0139.png
DTA-757p_PixLevAnnot/jhering_recht0201_1854_0098.png
DTA-454p_PixLevAnnot/boelsche_liebesleben02_1900_0075.png
DTA-757p_PixLevAnnot/jhering_recht01_1852_0203.png
DTA-757p_PixLevAnnot/brunner_rechtsgeschichte01_1887_0059.png
DTA-454p_PixLevAnnot/klostermann_eigenthum01_1867_0444.png
DTA-454p_PixLevAnnot/laband_staatsrecht0301_1880_0319.png
DTA-757p_PixLevAnnot/mayer_verwaltungsrecht02_1896_0081.png
DTA-757p_PixLevAnnot/justi_velazquez02_1888_0140.png
DTA-757p_PixLevAnnot/burckhardt_cicerone_1855_0134.png
DTA-454p_PixLevAnnot/brunner_rechtsgeschichte02_1892_0616.png
DTA-757p_PixLevAnnot/wilamowitz_tragoedie_1889_0186.png
DTA-454p_PixLevAnnot/siebold_suesswasserfische_1863_0258.png
DTA-454p_PixLevAnnot/baer_thiere_1837_0096.png
DTA-757p_PixLevAnnot/baumstark_encyclopaedie_1835_0158.png
DTA-757p_PixLevAnnot/laband_staatsrecht0301_1880_0063.png
DTA-757p_PixLevAnnot/rein_japan01_1881_0028.png
DTA-757p_PixLevAnnot/strauss_jesus02_1836_0069.png
DTA-757p_PixLevAnnot/gerber_staatsrecht_1865_0135.png
DTA-454p_PixLevAnnot/scheffel_ekkehard_1855_0479.png
DTA-757p_PixLevAnnot/jhering_recht03_1865_0111.png
DTA-757p_PixLevAnnot/brunner_rechtsgeschichte02_1892_0077.png
DTA-757p_PixLevAnnot/klostermann_eigenthum01_1867_0052.png
DTA-454p_PixLevAnnot/savigny_system04_1841_0227.png
DTA-454p_PixLevAnnot/beck_eisen02_1895_0156.png
DTA-757p_PixLevAnnot/schwappach_forstpolitik_1894_0207.png
DTA-757p_PixLevAnnot/schweiger_armenien_1878_0156.png
DTA-757p_PixLevAnnot/ranke_paepste01_1834_0096.png
DTA-454p_PixLevAnnot/rumohr_forschungen02_1827_0060.png
DTA-757p_PixLevAnnot/carus_zoologie_1872_0064.png
DTA-757p_PixLevAnnot/brunner_rechtsgeschichte01_1887_0076.png
DTA-757p_PixLevAnnot/laband_staatsrecht0302_1882_0024.png
DTA-454p_PixLevAnnot/avelallemant_gaunerthum02_1858_0195.png
DTA-757p_PixLevAnnot/treitschke_geschichte05_1894_0104.png
DTA-757p_PixLevAnnot/laband_staatsrecht0302_1882_0089.png
DTA-757p_PixLevAnnot/grimm_grammatik01_1822_0194.png
DTA-454p_PixLevAnnot/klostermann_eigenthum01_1867_0338.png
DTA-757p_PixLevAnnot/rumohr_forschungen01_1827_0199.png
DTA-757p_PixLevAnnot/brunner_rechtsgeschichte01_1887_0213.png
DTA-757p_PixLevAnnot/baer_thiere_1837_0078.png
DTA-454p_PixLevAnnot/laband_staatsrecht02_1878_0439.png
DTA-454p_PixLevAnnot/bierbaum_stilpe_1897_0071.png
DTA-757p_PixLevAnnot/schwappach_forstpolitik_1894_0200.png
DTA-757p_PixLevAnnot/laband_staatsrecht0302_1882_0083.png
DTA-757p_PixLevAnnot/bastian_voelkergedanke_1881_0103.png
DTA-454p_PixLevAnnot/brehm_thierleben01_1864_0184.png
DTA-757p_PixLevAnnot/griesinger_psychische_1845_0302.png
DTA-757p_PixLevAnnot/jhering_recht01_1852_0249.png
DTA-757p_PixLevAnnot/laband_staatsrecht0301_1880_0080.png
DTA-454p_PixLevAnnot/beck_eisen02_1895_0112.png
DTA-757p_PixLevAnnot/justi_velazquez02_1888_0143.png
DTA-757p_PixLevAnnot/beck_eisen05_1903_0376.png
DTA-757p_PixLevAnnot/baumstark_encyclopaedie_1835_0149.png
DTA-757p_PixLevAnnot/wilamowitz_aristoteles01_1893_0032.png
DTA-454p_PixLevAnnot/bluntschli_staatslehre_1875_0435.png
DTA-757p_PixLevAnnot/klostermann_eigenthum01_1867_0186.png
DTA-454p_PixLevAnnot/treitschke_geschichte04_1889_0056.png
DTA-757p_PixLevAnnot/jhering_recht0201_1854_0085.png
DTA-757p_PixLevAnnot/schweiger_armenien_1878_0064.png
DTA-757p_PixLevAnnot/ludwig_physiologie02_1856_0182.png
DTA-757p_PixLevAnnot/strauss_jesus01_1835_0065.png
DTA-757p_PixLevAnnot/brunner_rechtsgeschichte01_1887_0118.png
DTA-454p_PixLevAnnot/wilamowitz_aristoteles01_1893_0221.png
DTA-454p_PixLevAnnot/treitschke_geschichte02_1882_0614.png
DTA-454p_PixLevAnnot/brunner_rechtsgeschichte01_1887_0110.png
DTA-757p_PixLevAnnot/baumstark_encyclopaedie_1835_0052.png
DTA-757p_PixLevAnnot/baumstark_encyclopaedie_1835_0099.png
DTA-757p_PixLevAnnot/brunner_rechtsgeschichte02_1892_0090.png
DTA-757p_PixLevAnnot/treitschke_geschichte04_1889_0060.png
DTA-757p_PixLevAnnot/siebold_suesswasserfische_1863_0029.png
DTA-454p_PixLevAnnot/klostermann_eigenthum01_1867_0334.png
DTA-454p_PixLevAnnot/ludwig_physiologie01_1852_0053.png
DTA-757p_PixLevAnnot/siebold_suesswasserfische_1863_0045.png
DTA-757p_PixLevAnnot/guenther_voelkerrecht01_1787_0103.png
DTA-757p_PixLevAnnot/burckhardt_cicerone_1855_0043.png
DTA-757p_PixLevAnnot/dilthey_geisteswissenschaften_1883_0268.png
DTA-757p_PixLevAnnot/laband_staatsrecht0301_1880_0048.png
DTA-757p_PixLevAnnot/wilamowitz_aristoteles02_1893_0177.png
DTA-757p_PixLevAnnot/hartmann_posten_1868_0155.png
DTA-757p_PixLevAnnot/jhering_recht03_1865_0124.png
DTA-757p_PixLevAnnot/laband_staatsrecht0301_1880_0040.png
DTA-757p_PixLevAnnot/brunner_rechtsgeschichte01_1887_0109.png
DTA-757p_PixLevAnnot/martens_voelkerrecht_1796_0185.png
DTA-757p_PixLevAnnot/jhering_recht03_1865_0104.png
DTA-757p_PixLevAnnot/ranke_paepste02_1836_0089.png
DTA-454p_PixLevAnnot/schwappach_forstpolitik_1894_0361.png
DTA-757p_PixLevAnnot/brunner_rechtsgeschichte02_1892_0058.png
DTA-757p_PixLevAnnot/menger_volkswirtschaftslehre_1871_0252.png
DTA-757p_PixLevAnnot/jhering_recht0201_1854_0073.png
DTA-454p_PixLevAnnot/laband_staatsrecht0301_1880_0215.png
DTA-757p_PixLevAnnot/fischer_werkzeugmaschinen01_1900_0598.png
DTA-454p_PixLevAnnot/brunner_rechtsgeschichte02_1892_0177.png
DTA-454p_PixLevAnnot/brunner_rechtsgeschichte01_1887_0164.png
DTA-454p_PixLevAnnot/marx_kapital01_1867_0680.png
DTA-757p_PixLevAnnot/justi_velazquez02_1888_0156.png
DTA-454p_PixLevAnnot/brunner_rechtsgeschichte01_1887_0407.png
DTA-454p_PixLevAnnot/treitschke_geschichte03_1885_0026.png
DTA-757p_PixLevAnnot/mayer_verwaltungsrecht01_1895_0078.png
DTA-454p_PixLevAnnot/ercker_aula01_1672_0112.png
DTA-757p_PixLevAnnot/treitschke_geschichte03_1885_0435.png
DTA-757p_PixLevAnnot/laband_staatsrecht0301_1880_0104.png
DTA-757p_PixLevAnnot/strauss_jesus01_1835_0207.png
DTA-454p_PixLevAnnot/treitschke_geschichte04_1889_0179.png
DTA-454p_PixLevAnnot/savigny_system04_1841_0035.png
DTA-757p_PixLevAnnot/jhering_recht0201_1854_0077.png
DTA-757p_PixLevAnnot/savigny_system05_1841_0175.png
DTA-454p_PixLevAnnot/wilamowitz_tragoedie_1889_0335.png
DTA-757p_PixLevAnnot/rumohr_forschungen03_1831_0210.png
DTA-757p_PixLevAnnot/savigny_system05_1841_0088.png
DTA-454p_PixLevAnnot/brunner_rechtsgeschichte01_1887_0370.png
DTA-757p_PixLevAnnot/avelallemant_gaunerthum02_1858_0238.png
DTA-454p_PixLevAnnot/beck_eisen01_1884_0219.png
