DTA-454p_PixLevAnnot/carus_zoologie_1872_0126
DTA-454p_PixLevAnnot/beck_eisen05_1903_0361
DTA-454p_PixLevAnnot/klueber_voelkerrecht02_1821_0080
DTA-454p_PixLevAnnot/carus_zoologie_1872_0040
DTA-454p_PixLevAnnot/brunner_rechtsgeschichte01_1887_0081
DTA-454p_PixLevAnnot/brehm_thierleben01_1864_0161
DTA-454p_PixLevAnnot/brunner_rechtsgeschichte01_1887_0403
DTA-454p_PixLevAnnot/busch_max_1865_0029
DTA-454p_PixLevAnnot/rein_japan02_1886_0046
DTA-454p_PixLevAnnot/zoeckler_lehre_1879_0239
DTA-454p_PixLevAnnot/weismann_keimplasma_1892_0543
DTA-454p_PixLevAnnot/brunner_rechtsgeschichte02_1892_0216
DTA-454p_PixLevAnnot/schwappach_forstpolitik_1894_0269
DTA-454p_PixLevAnnot/bluntschli_staatslehre_1875_0082
DTA-454p_PixLevAnnot/brunner_rechtsgeschichte01_1887_0121
DTA-454p_PixLevAnnot/avelallemant_gaunerthum02_1858_0290
DTA-454p_PixLevAnnot/darwin_pflanzen_1876_0398
DTA-454p_PixLevAnnot/klostermann_eigenthum01_1867_0190
DTA-454p_PixLevAnnot/laband_staatsrecht0301_1880_0081
DTA-454p_PixLevAnnot/ranke_paepste03_1836_0190
DTA-454p_PixLevAnnot/ranke_reformation05_1843_0446
DTA-454p_PixLevAnnot/beck_eisen02_1895_0162
DTA-454p_PixLevAnnot/treitschke_geschichte05_1894_0164
DTA-454p_PixLevAnnot/wilamowitz_tragoedie_1889_0211
DTA-454p_PixLevAnnot/laband_staatsrecht02_1878_0497
DTA-454p_PixLevAnnot/beck_eisen01_1884_0434
DTA-454p_PixLevAnnot/laband_staatsrecht01_1876_0140
DTA-454p_PixLevAnnot/beck_eisen02_1895_0177
DTA-454p_PixLevAnnot/laband_staatsrecht0301_1880_0258
DTA-454p_PixLevAnnot/schmoller_kleingewerbe_1870_0025
DTA-454p_PixLevAnnot/justi_velazquez01_1888_0230
DTA-454p_PixLevAnnot/brunner_rechtsgeschichte02_1892_0379
DTA-454p_PixLevAnnot/treitschke_geschichte04_1889_0055
DTA-454p_PixLevAnnot/mayer_verwaltungsrecht01_1895_0457
DTA-454p_PixLevAnnot/justi_velazquez01_1888_0447
DTA-454p_PixLevAnnot/beck_eisen02_1895_0119
DTA-454p_PixLevAnnot/roux_kampf_1881_0220
DTA-454p_PixLevAnnot/carus_zoologie_1872_0032
DTA-454p_PixLevAnnot/treitschke_geschichte05_1894_0580
DTA-454p_PixLevAnnot/roepell_polen_1876_0136
DTA-454p_PixLevAnnot/grimm_meistergesang_1811_0146
DTA-454p_PixLevAnnot/laband_staatsrecht01_1876_0106
DTA-454p_PixLevAnnot/laband_staatsrecht0301_1880_0251
DTA-454p_PixLevAnnot/bierbaum_stilpe_1897_0028
DTA-454p_PixLevAnnot/jhering_recht03_1865_0353
DTA-454p_PixLevAnnot/wilamowitz_aristoteles01_1893_0266
DTA-454p_PixLevAnnot/jhering_recht0201_1854_0075
DTA-454p_PixLevAnnot/ludwig_physiologie01_1852_0054
DTA-454p_PixLevAnnot/savigny_system01_1840_0331
DTA-454p_PixLevAnnot/grimm_meistergesang_1811_0159
DTA-454p_PixLevAnnot/laband_staatsrecht02_1878_0207
DTA-454p_PixLevAnnot/brunner_rechtsgeschichte01_1887_0091
DTA-454p_PixLevAnnot/laband_staatsrecht02_1878_0314
DTA-454p_PixLevAnnot/ranke_reformation04_1843_0511
DTA-454p_PixLevAnnot/brunner_rechtsgeschichte02_1892_0057
DTA-454p_PixLevAnnot/ludwig_physiologie01_1852_0086
DTA-454p_PixLevAnnot/gerber_staatsrecht_1865_0026
DTA-454p_PixLevAnnot/justi_velazquez02_1888_0105
DTA-454p_PixLevAnnot/treitschke_geschichte02_1882_0495
DTA-454p_PixLevAnnot/brehm_thierleben01_1864_0163
DTA-454p_PixLevAnnot/laband_staatsrecht02_1878_0126
DTA-454p_PixLevAnnot/beck_eisen05_1903_0628
DTA-454p_PixLevAnnot/kerl_metallurgische_1866_0311
DTA-454p_PixLevAnnot/laband_staatsrecht02_1878_0085
DTA-454p_PixLevAnnot/beck_eisen02_1895_0351
DTA-454p_PixLevAnnot/beck_eisen02_1895_0411
DTA-454p_PixLevAnnot/beck_eisen04_1899_0809
DTA-454p_PixLevAnnot/griesinger_psychische_1845_0088
DTA-454p_PixLevAnnot/klueber_recht_1817_0769
DTA-454p_PixLevAnnot/feuerbach_recht_1801_0097
DTA-454p_PixLevAnnot/brunner_rechtsgeschichte02_1892_0071
DTA-454p_PixLevAnnot/brunner_rechtsgeschichte02_1892_0343
DTA-454p_PixLevAnnot/beck_eisen01_1884_0597
DTA-454p_PixLevAnnot/schweiger_armenien_1878_0214
DTA-454p_PixLevAnnot/wilamowitz_aristoteles01_1893_0176
DTA-454p_PixLevAnnot/klostermann_eigenthum01_1867_0182
DTA-454p_PixLevAnnot/brunner_rechtsgeschichte02_1892_0659
DTA-454p_PixLevAnnot/wilamowitz_tragoedie_1889_0037
DTA-454p_PixLevAnnot/beck_eisen02_1895_1254
DTA-454p_PixLevAnnot/laband_staatsrecht0302_1882_0081
DTA-454p_PixLevAnnot/beck_eisen02_1895_0111
DTA-454p_PixLevAnnot/bach_versuch01_1759_0126
DTA-454p_PixLevAnnot/jhering_recht03_1865_0252
DTA-454p_PixLevAnnot/brunner_rechtsgeschichte02_1892_0639
DTA-454p_PixLevAnnot/dilthey_geisteswissenschaften_1883_0390
DTA-454p_PixLevAnnot/laband_staatsrecht02_1878_0331
DTA-454p_PixLevAnnot/brunner_rechtsgeschichte02_1892_0448
DTA-454p_PixLevAnnot/laband_staatsrecht0301_1880_0078
DTA-454p_PixLevAnnot/brunner_rechtsgeschichte01_1887_0320
DTA-454p_PixLevAnnot/mohl_staatswissenschaften_1859_0110
DTA-454p_PixLevAnnot/martens_voelkerrecht_1796_0194
DTA-454p_PixLevAnnot/kerl_metallurgische_1866_0246
DTA-454p_PixLevAnnot/mayer_verwaltungsrecht02_1896_0250
DTA-454p_PixLevAnnot/ranke_reformation03_1840_0045
DTA-454p_PixLevAnnot/wilamowitz_aristoteles01_1893_0285
DTA-454p_PixLevAnnot/bach_versuch02_1762_0011
DTA-454p_PixLevAnnot/brunner_rechtsgeschichte01_1887_0293
DTA-454p_PixLevAnnot/jhering_recht01_1852_0144
DTA-454p_PixLevAnnot/chamberlain_grundlagen02_1899_0279
DTA-454p_PixLevAnnot/chamberlain_grundlagen01_1899_0126
DTA-454p_PixLevAnnot/laband_staatsrecht0301_1880_0355
DTA-454p_PixLevAnnot/gerber_staatsrecht_1865_0187
DTA-454p_PixLevAnnot/laband_staatsrecht0302_1882_0257
DTA-454p_PixLevAnnot/brunner_rechtsgeschichte01_1887_0128
DTA-454p_PixLevAnnot/strauss_jesus02_1836_0181
DTA-454p_PixLevAnnot/justi_velazquez02_1888_0253
DTA-454p_PixLevAnnot/avelallemant_gaunerthum01_1858_0047
DTA-454p_PixLevAnnot/laband_staatsrecht01_1876_0591
DTA-454p_PixLevAnnot/treitschke_geschichte05_1894_0473
DTA-454p_PixLevAnnot/siebold_suesswasserfische_1863_0391
DTA-454p_PixLevAnnot/baumstark_encyclopaedie_1835_0444
DTA-454p_PixLevAnnot/brunner_rechtsgeschichte02_1892_0555
DTA-454p_PixLevAnnot/bierbaum_stilpe_1897_0020
DTA-454p_PixLevAnnot/treitschke_geschichte03_1885_0081
DTA-454p_PixLevAnnot/brunner_rechtsgeschichte02_1892_0528
DTA-454p_PixLevAnnot/avelallemant_gaunerthum04_1862_0037
DTA-454p_PixLevAnnot/baumstark_encyclopaedie_1835_0211
DTA-454p_PixLevAnnot/beck_eisen02_1895_0149
DTA-454p_PixLevAnnot/bluntschli_staatslehre_1875_0450
DTA-454p_PixLevAnnot/chamberlain_grundlagen01_1899_0416
DTA-454p_PixLevAnnot/ranke_paepste01_1834_0162
DTA-454p_PixLevAnnot/zoeckler_lehre_1879_0048
DTA-454p_PixLevAnnot/mohl_staatswissenschaften_1859_0143
DTA-454p_PixLevAnnot/gerber_staatsrecht_1865_0175
DTA-454p_PixLevAnnot/beck_eisen02_1895_0293
DTA-454p_PixLevAnnot/brunner_rechtsgeschichte01_1887_0148
DTA-454p_PixLevAnnot/jhering_recht03_1865_0066
DTA-454p_PixLevAnnot/laband_staatsrecht02_1878_0432
DTA-454p_PixLevAnnot/brunner_rechtsgeschichte02_1892_0256
DTA-454p_PixLevAnnot/bierbaum_stilpe_1897_0059
DTA-454p_PixLevAnnot/siebold_suesswasserfische_1863_0281
DTA-454p_PixLevAnnot/siebold_suesswasserfische_1863_0318
DTA-454p_PixLevAnnot/bierbaum_stilpe_1897_0044
DTA-454p_PixLevAnnot/beck_eisen02_1895_0441
DTA-454p_PixLevAnnot/marx_kapital01_1867_0397
DTA-454p_PixLevAnnot/carus_zoologie_1872_0096
