DTA-454p_PixLevAnnot/chamberlain_grundlagen01_1899_0109
DTA-454p_PixLevAnnot/brunner_rechtsgeschichte02_1892_0421
DTA-454p_PixLevAnnot/ludwig_physiologie01_1852_0239
DTA-454p_PixLevAnnot/ranke_reformation03_1840_0532
DTA-454p_PixLevAnnot/zoeckler_lehre_1879_0052
DTA-454p_PixLevAnnot/klostermann_eigenthum01_1867_0197
DTA-454p_PixLevAnnot/laband_staatsrecht01_1876_0562
DTA-454p_PixLevAnnot/beck_eisen05_1903_0518
DTA-454p_PixLevAnnot/mommsen_roemische02_1855_0232
DTA-454p_PixLevAnnot/avelallemant_gaunerthum02_1858_0158
DTA-454p_PixLevAnnot/marx_kapital01_1867_0761
DTA-454p_PixLevAnnot/laband_staatsrecht01_1876_0229
DTA-454p_PixLevAnnot/jhering_recht0202_1858_0147
DTA-454p_PixLevAnnot/beck_eisen01_1884_0554
DTA-454p_PixLevAnnot/baumstark_encyclopaedie_1835_0071
DTA-454p_PixLevAnnot/brehm_thierleben01_1864_0184
DTA-454p_PixLevAnnot/frege_sinn_1892_0025
DTA-454p_PixLevAnnot/brunner_rechtsgeschichte01_1887_0110
DTA-454p_PixLevAnnot/klostermann_eigenthum01_1867_0444
DTA-454p_PixLevAnnot/mayer_verwaltungsrecht01_1895_0313
DTA-454p_PixLevAnnot/brunner_rechtsgeschichte02_1892_0535
DTA-454p_PixLevAnnot/brunner_rechtsgeschichte01_1887_0096
DTA-454p_PixLevAnnot/beck_eisen02_1895_0191
DTA-454p_PixLevAnnot/brunner_rechtsgeschichte01_1887_0136
DTA-454p_PixLevAnnot/beck_eisen01_1884_0483
DTA-454p_PixLevAnnot/bach_versuch01_1759_0082
DTA-454p_PixLevAnnot/treitschke_geschichte04_1889_0204
DTA-454p_PixLevAnnot/brunner_rechtsgeschichte01_1887_0428
DTA-454p_PixLevAnnot/boelsche_liebesleben02_1900_0105
DTA-454p_PixLevAnnot/berg_ostasienzoologie01_1876_0375
DTA-454p_PixLevAnnot/mayer_verwaltungsrecht02_1896_0455
DTA-454p_PixLevAnnot/siebold_suesswasserfische_1863_0044
DTA-454p_PixLevAnnot/hilbert_mathematische_1900_0028
DTA-454p_PixLevAnnot/boelsche_liebesleben02_1900_0024
DTA-454p_PixLevAnnot/brunner_rechtsgeschichte02_1892_0652
DTA-454p_PixLevAnnot/schweiger_armenien_1878_0072
DTA-454p_PixLevAnnot/luz_blitz_1784_0020
DTA-454p_PixLevAnnot/savigny_system02_1840_0446
DTA-454p_PixLevAnnot/jhering_recht01_1852_0277
DTA-454p_PixLevAnnot/strauss_jesus01_1835_0038
DTA-454p_PixLevAnnot/grimm_grammatik01_1822_0398
DTA-454p_PixLevAnnot/wilamowitz_aristoteles01_1893_0343
DTA-454p_PixLevAnnot/avelallemant_gaunerthum02_1858_0112
DTA-454p_PixLevAnnot/klueber_voelkerrecht02_1821_0083
DTA-454p_PixLevAnnot/brunner_rechtsgeschichte01_1887_0332
DTA-454p_PixLevAnnot/scheffel_ekkehard_1855_0479
DTA-454p_PixLevAnnot/boelsche_liebesleben02_1900_0047
DTA-454p_PixLevAnnot/avelallemant_gaunerthum02_1858_0151
DTA-454p_PixLevAnnot/carus_zoologie_1872_0151
DTA-454p_PixLevAnnot/laband_staatsrecht0301_1880_0319
DTA-454p_PixLevAnnot/laband_staatsrecht02_1878_0112
DTA-454p_PixLevAnnot/glueck_pandecten02_1791_0100
DTA-454p_PixLevAnnot/klueber_recht_1817_0125
DTA-454p_PixLevAnnot/mayer_verwaltungsrecht01_1895_0247
DTA-454p_PixLevAnnot/brunner_rechtsgeschichte02_1892_0628
DTA-454p_PixLevAnnot/laband_staatsrecht02_1878_0360
DTA-454p_PixLevAnnot/brunner_rechtsgeschichte01_1887_0072
DTA-454p_PixLevAnnot/marx_kapital01_1867_0602
DTA-454p_PixLevAnnot/strauss_jesus02_1836_0675
DTA-454p_PixLevAnnot/brockes_vergnuegen03_1730_0303
DTA-454p_PixLevAnnot/siebold_suesswasserfische_1863_0270
DTA-454p_PixLevAnnot/treitschke_geschichte04_1889_0056
DTA-454p_PixLevAnnot/heffter_voelkerrecht_1844_0099
DTA-454p_PixLevAnnot/laband_staatsrecht0302_1882_0097
DTA-454p_PixLevAnnot/heffter_voelkerrecht_1844_0045
DTA-454p_PixLevAnnot/griesinger_psychische_1845_0106
DTA-454p_PixLevAnnot/beck_eisen01_1884_0740
DTA-454p_PixLevAnnot/laband_staatsrecht01_1876_0287
DTA-454p_PixLevAnnot/beck_eisen01_1884_0559
DTA-454p_PixLevAnnot/treitschke_geschichte03_1885_0026
DTA-454p_PixLevAnnot/avelallemant_gaunerthum02_1858_0260
DTA-454p_PixLevAnnot/brunner_rechtsgeschichte01_1887_0388
DTA-454p_PixLevAnnot/brunner_rechtsgeschichte02_1892_0226
DTA-454p_PixLevAnnot/schwappach_forstpolitik_1894_0361
DTA-454p_PixLevAnnot/brunner_rechtsgeschichte02_1892_0177
DTA-454p_PixLevAnnot/laband_staatsrecht01_1876_0199
DTA-454p_PixLevAnnot/ercker_aula01_1672_0112
DTA-454p_PixLevAnnot/glueck_pandecten01_1790_0212
DTA-454p_PixLevAnnot/brunner_rechtsgeschichte02_1892_0537
DTA-454p_PixLevAnnot/laband_staatsrecht0302_1882_0186
DTA-454p_PixLevAnnot/brunner_rechtsgeschichte01_1887_0399
DTA-454p_PixLevAnnot/beck_eisen05_1903_0616
DTA-454p_PixLevAnnot/jhering_recht0202_1858_0375
DTA-454p_PixLevAnnot/jhering_recht0201_1854_0198
DTA-454p_PixLevAnnot/brunner_rechtsgeschichte01_1887_0156
DTA-454p_PixLevAnnot/brunner_rechtsgeschichte02_1892_0605
DTA-454p_PixLevAnnot/mayer_verwaltungsrecht01_1895_0253
DTA-454p_PixLevAnnot/avelallemant_gaunerthum02_1858_0328
DTA-454p_PixLevAnnot/laband_staatsrecht0302_1882_0184
DTA-454p_PixLevAnnot/brunner_rechtsgeschichte01_1887_0275
DTA-454p_PixLevAnnot/avelallemant_gaunerthum02_1858_0195
DTA-454p_PixLevAnnot/laband_staatsrecht0301_1880_0383
DTA-454p_PixLevAnnot/laband_staatsrecht0301_1880_0215
DTA-454p_PixLevAnnot/mayer_verwaltungsrecht02_1896_0135
DTA-454p_PixLevAnnot/klostermann_eigenthum01_1867_0338
DTA-454p_PixLevAnnot/ludwig_physiologie02_1856_0030
DTA-454p_PixLevAnnot/gerber_staatsrecht_1865_0096
DTA-454p_PixLevAnnot/ranke_reformation05_1843_0343
DTA-454p_PixLevAnnot/klostermann_eigenthum01_1867_0360
DTA-454p_PixLevAnnot/brunner_rechtsgeschichte01_1887_0380
DTA-454p_PixLevAnnot/beck_eisen01_1884_0339
DTA-454p_PixLevAnnot/ranke_reformation03_1840_0459
DTA-454p_PixLevAnnot/treitschke_geschichte03_1885_0300
DTA-454p_PixLevAnnot/baer_thiere_1837_0275
DTA-454p_PixLevAnnot/klueber_recht_1817_0686
DTA-454p_PixLevAnnot/brehm_thierleben01_1864_0188
DTA-454p_PixLevAnnot/treitschke_geschichte02_1882_0614
DTA-454p_PixLevAnnot/savigny_system04_1841_0035
DTA-454p_PixLevAnnot/stock_gesellenwesen_1844_0074
DTA-454p_PixLevAnnot/brunner_rechtsgeschichte01_1887_0373
DTA-454p_PixLevAnnot/beck_eisen02_1895_0373
DTA-454p_PixLevAnnot/berg_ostasien01_1864_0150
DTA-454p_PixLevAnnot/wilamowitz_aristoteles01_1893_0028
DTA-454p_PixLevAnnot/laband_staatsrecht01_1876_0112
DTA-454p_PixLevAnnot/siebold_suesswasserfische_1863_0170
DTA-454p_PixLevAnnot/beck_eisen02_1895_0128
DTA-454p_PixLevAnnot/siebold_suesswasserfische_1863_0258
DTA-454p_PixLevAnnot/marx_kapital01_1867_0680
DTA-454p_PixLevAnnot/rumohr_forschungen03_1831_0113
DTA-454p_PixLevAnnot/trichter_ritterexercitienlexikon_1742_0258
DTA-454p_PixLevAnnot/treitschke_geschichte04_1889_0131
DTA-454p_PixLevAnnot/beck_eisen01_1884_0973
DTA-454p_PixLevAnnot/treitschke_geschichte05_1894_0364
DTA-454p_PixLevAnnot/laband_staatsrecht01_1876_0303
DTA-454p_PixLevAnnot/beck_eisen01_1884_0743
DTA-454p_PixLevAnnot/jhering_recht0201_1854_0234
DTA-454p_PixLevAnnot/schmoller_kleingewerbe_1870_0367
DTA-454p_PixLevAnnot/siebold_suesswasserfische_1863_0299
DTA-454p_PixLevAnnot/sachs_botanik_1875_0029
DTA-454p_PixLevAnnot/rumohr_forschungen02_1827_0317
DTA-454p_PixLevAnnot/jhering_recht03_1865_0238
DTA-454p_PixLevAnnot/ercker_aula01_1672_0282
DTA-454p_PixLevAnnot/brunner_rechtsgeschichte01_1887_0164
DTA-454p_PixLevAnnot/bismarck_erinnerungen02_1898_0057
DTA-454p_PixLevAnnot/berg_ostasien04_1873_0423
DTA-454p_PixLevAnnot/chamberlain_grundlagen02_1899_0098
DTA-454p_PixLevAnnot/brunner_rechtsgeschichte01_1887_0087
DTA-454p_PixLevAnnot/beck_eisen02_1895_0118
DTA-454p_PixLevAnnot/siebold_suesswasserfische_1863_0188
DTA-454p_PixLevAnnot/laband_staatsrecht0302_1882_0241
DTA-454p_PixLevAnnot/schweiger_armenien_1878_0089
DTA-454p_PixLevAnnot/wilamowitz_aristoteles01_1893_0231
DTA-454p_PixLevAnnot/steinen_naturvoelker_1894_0465
DTA-454p_PixLevAnnot/justi_velazquez02_1888_0139
DTA-454p_PixLevAnnot/mayer_verwaltungsrecht01_1895_0095
DTA-454p_PixLevAnnot/savigny_system04_1841_0056
DTA-454p_PixLevAnnot/ranke_reformation01_1839_0256
DTA-454p_PixLevAnnot/boelsche_liebesleben02_1900_0081
DTA-454p_PixLevAnnot/baer_thiere_1837_0096
DTA-454p_PixLevAnnot/treitschke_geschichte05_1894_0539
DTA-454p_PixLevAnnot/treitschke_geschichte04_1889_0222
DTA-454p_PixLevAnnot/brunner_rechtsgeschichte01_1887_0283
DTA-454p_PixLevAnnot/boelsche_liebesleben02_1900_0124
DTA-454p_PixLevAnnot/laband_staatsrecht0302_1882_0357
DTA-454p_PixLevAnnot/ranke_reformation03_1840_0225
DTA-454p_PixLevAnnot/busch_max_1865_0077
DTA-454p_PixLevAnnot/brunner_rechtsgeschichte02_1892_0516
DTA-454p_PixLevAnnot/beck_eisen05_1903_0226
DTA-454p_PixLevAnnot/wilamowitz_aristoteles01_1893_0221
DTA-454p_PixLevAnnot/beck_eisen02_1895_0160
DTA-454p_PixLevAnnot/brunner_rechtsgeschichte01_1887_0344
DTA-454p_PixLevAnnot/laband_staatsrecht01_1876_0617
DTA-454p_PixLevAnnot/laband_staatsrecht0302_1882_0169
DTA-454p_PixLevAnnot/zoeckler_lehre_1879_0155
DTA-454p_PixLevAnnot/brunner_rechtsgeschichte02_1892_0443
DTA-454p_PixLevAnnot/jhering_recht0201_1854_0083
DTA-454p_PixLevAnnot/brunner_rechtsgeschichte01_1887_0304
DTA-454p_PixLevAnnot/savigny_system02_1840_0560
DTA-454p_PixLevAnnot/jhering_recht01_1852_0308
DTA-454p_PixLevAnnot/beck_eisen02_1895_0548
DTA-454p_PixLevAnnot/boelsche_liebesleben02_1900_0101
DTA-454p_PixLevAnnot/savigny_system05_1841_0234
DTA-454p_PixLevAnnot/siebold_suesswasserfische_1863_0231
DTA-454p_PixLevAnnot/laband_staatsrecht01_1876_0041
DTA-454p_PixLevAnnot/klueber_recht_1817_0368
DTA-454p_PixLevAnnot/sprengel_blumen_1793_0176
DTA-454p_PixLevAnnot/beck_eisen02_1895_0112
DTA-454p_PixLevAnnot/brunner_rechtsgeschichte01_1887_0107
DTA-454p_PixLevAnnot/darwin_pflanzen_1876_0350
DTA-454p_PixLevAnnot/wilamowitz_aristoteles02_1893_0032
DTA-454p_PixLevAnnot/jhering_recht03_1865_0298
DTA-454p_PixLevAnnot/baer_thiere_1837_0280
DTA-454p_PixLevAnnot/strauss_jesus02_1836_0549
DTA-454p_PixLevAnnot/griesinger_psychische_1845_0117
DTA-454p_PixLevAnnot/bluntschli_staatslehre_1875_0435
DTA-454p_PixLevAnnot/bluntschli_staatslehre_1875_0650
DTA-454p_PixLevAnnot/mayer_verwaltungsrecht02_1896_0247
DTA-454p_PixLevAnnot/beck_eisen02_1895_0156
DTA-454p_PixLevAnnot/brunner_rechtsgeschichte02_1892_0136
DTA-454p_PixLevAnnot/laband_staatsrecht0301_1880_0256
DTA-454p_PixLevAnnot/boelsche_liebesleben02_1900_0075
DTA-454p_PixLevAnnot/siebold_suesswasserfische_1863_0242
DTA-454p_PixLevAnnot/wilamowitz_aristoteles01_1893_0145
DTA-454p_PixLevAnnot/treitschke_geschichte04_1889_0179
DTA-454p_PixLevAnnot/laband_staatsrecht0301_1880_0069
DTA-454p_PixLevAnnot/brunner_rechtsgeschichte01_1887_0280
DTA-454p_PixLevAnnot/mayer_verwaltungsrecht01_1895_0084
DTA-454p_PixLevAnnot/guenther_voelkerrecht02_1792_0460
DTA-454p_PixLevAnnot/wilamowitz_aristoteles01_1893_0264
DTA-454p_PixLevAnnot/treitschke_geschichte03_1885_0235
DTA-454p_PixLevAnnot/glueck_pandecten02_1791_0378
DTA-454p_PixLevAnnot/laband_staatsrecht01_1876_0123
DTA-454p_PixLevAnnot/brunner_rechtsgeschichte01_1887_0230
DTA-454p_PixLevAnnot/brunner_rechtsgeschichte02_1892_0040
DTA-454p_PixLevAnnot/darwin_pflanzen_1876_0374
DTA-454p_PixLevAnnot/glueck_pandecten02_1791_0058
DTA-454p_PixLevAnnot/brunner_rechtsgeschichte01_1887_0153
DTA-454p_PixLevAnnot/brunner_rechtsgeschichte01_1887_0219
DTA-454p_PixLevAnnot/chamberlain_grundlagen02_1899_0316
DTA-454p_PixLevAnnot/brunner_rechtsgeschichte01_1887_0232
DTA-454p_PixLevAnnot/brunner_rechtsgeschichte01_1887_0408
DTA-454p_PixLevAnnot/beck_eisen03_1897_0188
DTA-454p_PixLevAnnot/marx_kapital01_1867_0561
DTA-454p_PixLevAnnot/ranke_reformation01_1839_0273
DTA-454p_PixLevAnnot/laband_staatsrecht02_1878_0366
DTA-454p_PixLevAnnot/savigny_system04_1841_0052
DTA-454p_PixLevAnnot/rumohr_forschungen02_1827_0187
DTA-454p_PixLevAnnot/heffter_voelkerrecht_1844_0102
DTA-454p_PixLevAnnot/sachs_botanik_1875_0429
DTA-454p_PixLevAnnot/brunner_rechtsgeschichte01_1887_0370
DTA-454p_PixLevAnnot/laband_staatsrecht0302_1882_0073
DTA-454p_PixLevAnnot/humboldt_aequinoktial04_1859_0256
DTA-454p_PixLevAnnot/justi_velazquez01_1888_0249
DTA-454p_PixLevAnnot/treitschke_geschichte03_1885_0645
DTA-454p_PixLevAnnot/baer_thiere_1837_0030
DTA-454p_PixLevAnnot/ranke_reformation03_1840_0357
DTA-454p_PixLevAnnot/altmann_elementarorganismen_1890_0061
DTA-454p_PixLevAnnot/laband_staatsrecht02_1878_0439
DTA-454p_PixLevAnnot/laband_staatsrecht01_1876_0378
DTA-454p_PixLevAnnot/burckhardt_renaissance_1860_0020
DTA-454p_PixLevAnnot/gessner_buchdruckerkunst02_1740_0021
DTA-454p_PixLevAnnot/mayer_verwaltungsrecht01_1895_0402
DTA-454p_PixLevAnnot/laband_staatsrecht0302_1882_0307
DTA-454p_PixLevAnnot/laband_staatsrecht02_1878_0354
DTA-454p_PixLevAnnot/guenther_voelkerrecht02_1792_0268
DTA-454p_PixLevAnnot/treitschke_geschichte05_1894_0705
DTA-454p_PixLevAnnot/beck_eisen01_1884_0501
DTA-454p_PixLevAnnot/laband_staatsrecht02_1878_0464
DTA-454p_PixLevAnnot/ludwig_physiologie01_1852_0053
DTA-454p_PixLevAnnot/avelallemant_gaunerthum02_1858_0254
DTA-454p_PixLevAnnot/gerber_staatsrecht_1865_0160
DTA-454p_PixLevAnnot/heffter_voelkerrecht_1844_0103
DTA-454p_PixLevAnnot/klostermann_eigenthum01_1867_0142
DTA-454p_PixLevAnnot/brunner_rechtsgeschichte01_1887_0286
DTA-454p_PixLevAnnot/brunner_rechtsgeschichte01_1887_0177
DTA-454p_PixLevAnnot/beck_eisen01_1884_0641
DTA-454p_PixLevAnnot/heffter_voelkerrecht_1844_0172
DTA-454p_PixLevAnnot/savigny_system02_1840_0149
DTA-454p_PixLevAnnot/laband_staatsrecht0302_1882_0201
DTA-454p_PixLevAnnot/baumstark_encyclopaedie_1835_0246
DTA-454p_PixLevAnnot/burckhardt_renaissance_1860_0393
DTA-454p_PixLevAnnot/beck_eisen05_1903_0355
DTA-454p_PixLevAnnot/laband_staatsrecht02_1878_0153
DTA-454p_PixLevAnnot/bach_versuch02_1762_0345
DTA-454p_PixLevAnnot/klueber_voelkerrecht01_1821_0248
DTA-454p_PixLevAnnot/heffter_voelkerrecht_1844_0282
DTA-454p_PixLevAnnot/ranke_paepste01_1834_0460
DTA-454p_PixLevAnnot/ranke_reformation04_1843_0294
DTA-454p_PixLevAnnot/brunner_rechtsgeschichte02_1892_0504
DTA-454p_PixLevAnnot/bierbaum_stilpe_1897_0071
DTA-454p_PixLevAnnot/baumstark_encyclopaedie_1835_0800
DTA-454p_PixLevAnnot/laband_staatsrecht02_1878_0404
DTA-454p_PixLevAnnot/glueck_pandecten02_1791_0107
DTA-454p_PixLevAnnot/avelallemant_gaunerthum02_1858_0343
DTA-454p_PixLevAnnot/drude_pflanzengeographie_1890_0145
DTA-454p_PixLevAnnot/brehm_thierleben01_1864_0320
DTA-454p_PixLevAnnot/laband_staatsrecht0302_1882_0182
DTA-454p_PixLevAnnot/mayer_verwaltungsrecht01_1895_0169
DTA-454p_PixLevAnnot/boelsche_liebesleben01_1898_0340
DTA-454p_PixLevAnnot/zoeckler_lehre_1879_0241
DTA-454p_PixLevAnnot/brunner_rechtsgeschichte01_1887_0127
DTA-454p_PixLevAnnot/mayer_verwaltungsrecht02_1896_0356
DTA-454p_PixLevAnnot/guenther_voelkerrecht02_1792_0351
DTA-454p_PixLevAnnot/laband_staatsrecht02_1878_0117
DTA-454p_PixLevAnnot/brunner_rechtsgeschichte01_1887_0233
DTA-454p_PixLevAnnot/beck_eisen04_1899_0659
DTA-454p_PixLevAnnot/brunner_rechtsgeschichte01_1887_0407
DTA-454p_PixLevAnnot/brunner_rechtsgeschichte02_1892_0084
DTA-454p_PixLevAnnot/zoeckler_lehre_1879_0207
DTA-454p_PixLevAnnot/schwappach_forstpolitik_1894_0249
DTA-454p_PixLevAnnot/laband_staatsrecht0302_1882_0247
DTA-454p_PixLevAnnot/bismarck_erinnerungen01_1898_0364
DTA-454p_PixLevAnnot/ludwig_physiologie02_1856_0400
DTA-454p_PixLevAnnot/brunner_rechtsgeschichte02_1892_0150
DTA-454p_PixLevAnnot/beseler_kommentar_1851_0361
DTA-454p_PixLevAnnot/laband_staatsrecht0301_1880_0227
DTA-454p_PixLevAnnot/riegl_stilfragen_1893_0190
DTA-454p_PixLevAnnot/ludwig_physiologie01_1852_0302
DTA-454p_PixLevAnnot/brunner_rechtsgeschichte02_1892_0100
DTA-454p_PixLevAnnot/kerl_metallurgische_1866_0098
DTA-454p_PixLevAnnot/avelallemant_gaunerthum02_1858_0294
DTA-454p_PixLevAnnot/beck_eisen05_1903_0534
DTA-454p_PixLevAnnot/ranke_reformation03_1840_0505
DTA-454p_PixLevAnnot/savigny_system04_1841_0227
DTA-454p_PixLevAnnot/wilamowitz_aristoteles02_1893_0084
DTA-454p_PixLevAnnot/laband_staatsrecht0301_1880_0047
DTA-454p_PixLevAnnot/brunner_rechtsgeschichte01_1887_0181
DTA-454p_PixLevAnnot/rumohr_forschungen02_1827_0060
DTA-454p_PixLevAnnot/laband_staatsrecht0301_1880_0124
DTA-454p_PixLevAnnot/laband_staatsrecht0301_1880_0287
DTA-454p_PixLevAnnot/jhering_recht0201_1854_0211
DTA-454p_PixLevAnnot/heffter_voelkerrecht_1844_0248
DTA-454p_PixLevAnnot/brunner_rechtsgeschichte02_1892_0616
DTA-454p_PixLevAnnot/wilamowitz_aristoteles01_1893_0160
DTA-454p_PixLevAnnot/mayer_verwaltungsrecht02_1896_0404
DTA-454p_PixLevAnnot/dahlmann_politik_1835_0115
DTA-454p_PixLevAnnot/gerber_staatsrecht_1865_0151
DTA-454p_PixLevAnnot/wilamowitz_tragoedie_1889_0335
DTA-454p_PixLevAnnot/jhering_recht0201_1854_0182
DTA-454p_PixLevAnnot/laband_staatsrecht0301_1880_0376
DTA-454p_PixLevAnnot/laband_staatsrecht01_1876_0081
DTA-454p_PixLevAnnot/schwappach_forstpolitik_1894_0024
DTA-454p_PixLevAnnot/beck_eisen02_1895_0157
DTA-454p_PixLevAnnot/ranke_reformation01_1839_0179
DTA-454p_PixLevAnnot/klostermann_eigenthum01_1867_0334
DTA-454p_PixLevAnnot/beck_eisen02_1895_0307
DTA-454p_PixLevAnnot/laband_staatsrecht0302_1882_0125
DTA-454p_PixLevAnnot/beck_eisen01_1884_0219
